<html>
<body>
<pre>
<h1>µVision Build Log</h1>
<h2>Tool Versions:</h2>
IDE-Version: ¦ÌVision V5.36.0.0
Copyright (C) 2021 ARM Ltd and ARM Germany GmbH. All rights reserved.
License Information: Wzc Wzc, Wzc, LIC=----
 
Tool Versions:
Toolchain:       MDK-Lite  Version: 5.36.0.0
Toolchain Path:  C:\Keil_v5\ARM\ARMCC\Bin
C Compiler:      Armcc.exe V5.06 update 7 (build 960)
Assembler:       Armasm.exe V5.06 update 7 (build 960)
Linker/Locator:  ArmLink.exe V5.06 update 7 (build 960)
Library Manager: ArmAr.exe V5.06 update 7 (build 960)
Hex Converter:   FromElf.exe V5.06 update 7 (build 960)
CPU DLL:         SARMCM3.DLL V5.36.0.0
Dialog DLL:      DCM.DLL V1.17.3.0
Target DLL:      STLink\ST-LINKIII-KEIL_SWO.dll V3.0.9.0
Dialog DLL:      TCM.DLL V1.53.0.0
 
<h2>Project:</h2>
C:\Users\Wzc\Desktop\TemporaryFilms\My_HAL_Basic_SmartHome\My_HAL_Basic_SmartHome\MDK-ARM\F103_Moduel.uvprojx
Project File Date:  05/18/2025

<h2>Output:</h2>
*** Using Compiler 'V5.06 update 7 (build 960)', folder: 'C:\Keil_v5\ARM\ARMCC\Bin'
Rebuild target 'F103_Moduel'
assembling startup_stm32f103xe.s...
compiling main.c...
compiling stm32f1xx_hal_rcc_ex.c...
compiling stm32f1xx_hal_gpio.c...
compiling stm32f1xx_hal_msp.c...
compiling stm32f1xx_hal_tim_ex.c...
compiling stm32f1xx_hal_dma.c...
compiling usart.c...
compiling stm32f1xx_hal_cortex.c...
compiling gpio.c...
compiling stm32f1xx_hal_rcc.c...
compiling stm32f1xx_hal_tim.c...
compiling stm32f1xx_it.c...
compiling stm32f1xx_hal.c...
compiling stm32f1xx_hal_uart.c...
compiling stm32f1xx_hal_gpio_ex.c...
compiling kal_led_device.c...
compiling kal_oled_device.c...
compiling ascii_font.c...
compiling kal_time.c...
compiling stm32f1xx_hal_exti.c...
compiling cal_gpio_key.c...
compiling stm32f1xx_hal_flash.c...
compiling cal_led_device.c...
compiling stm32f1xx_hal_flash_ex.c...
compiling input_buffer.c...
compiling driver_led.c...
compiling driver_key.c...
compiling driver_usart.c...
compiling kal_gpio_key.c...
compiling input_test.c...
compiling diaplay_test.c...
compiling driver_i2c.c...
compiling system_stm32f1xx.c...
compiling display_device.c...
compiling led_device.c...
compiling display_system.c...
compiling oled_device.c...
compiling driver_oled.c...
compiling ring_buffer.c...
compiling stm32f1xx_hal_pwr.c...
compiling cal_time.c...
compiling cal_oled_device.c...
compiling gpio_key.c...
compiling input_system.c...
compiling led_test.c...
linking...
Program Size: Code=7418 RO-data=370 RW-data=68 ZI-data=3668  
FromELF: creating hex file...
"F103_Moduel\F103_Moduel.axf" - 0 Error(s), 0 Warning(s).

<h2>Software Packages used:</h2>

Package Vendor: ARM
                http://www.keil.com/pack/ARM.CMSIS.5.8.0.pack
                ARM.CMSIS.5.8.0
                CMSIS (Common Microcontroller Software Interface Standard)
   * Component: CORE Version: 5.5.0

Package Vendor: Keil
                https://www.keil.com/pack/Keil.STM32F1xx_DFP.2.4.1.pack
                Keil.STM32F1xx_DFP.2.4.1
                STMicroelectronics STM32F1 Series Device Support, Drivers and Examples

<h2>Collection of Component include folders:</h2>
  .\RTE\_F103_Moduel
  C:\Users\Wzc\AppData\Local\Arm\Packs\ARM\CMSIS\5.8.0\CMSIS\Core\Include
  C:\Users\Wzc\AppData\Local\Arm\Packs\Keil\STM32F1xx_DFP\2.4.1\Device\Include

<h2>Collection of Component Files used:</h2>

   * Component: ARM::CMSIS:CORE:5.5.0
      Include file:  CMSIS\Core\Include\tz_context.h
Build Time Elapsed:  00:00:05
</pre>
</body>
</html>
