Component: ARM Compiler 5.06 update 7 (build 960) Tool: armlink [4d3601]

==============================================================================

Section Cross References

    startup_stm32f103xe.o(RESET) refers to startup_stm32f103xe.o(STACK) for __initial_sp
    startup_stm32f103xe.o(RESET) refers to startup_stm32f103xe.o(.text) for Reset_Handler
    startup_stm32f103xe.o(RESET) refers to stm32f1xx_it.o(i.NMI_Handler) for NMI_Handler
    startup_stm32f103xe.o(RESET) refers to stm32f1xx_it.o(i.HardFault_Handler) for HardFault_Handler
    startup_stm32f103xe.o(RESET) refers to stm32f1xx_it.o(i.MemManage_Handler) for MemManage_Handler
    startup_stm32f103xe.o(RESET) refers to stm32f1xx_it.o(i.BusFault_Handler) for BusFault_Handler
    startup_stm32f103xe.o(RESET) refers to stm32f1xx_it.o(i.UsageFault_Handler) for UsageFault_Handler
    startup_stm32f103xe.o(RESET) refers to stm32f1xx_it.o(i.SVC_Handler) for SVC_Handler
    startup_stm32f103xe.o(RESET) refers to stm32f1xx_it.o(i.DebugMon_Handler) for DebugMon_Handler
    startup_stm32f103xe.o(RESET) refers to stm32f1xx_it.o(i.PendSV_Handler) for PendSV_Handler
    startup_stm32f103xe.o(RESET) refers to stm32f1xx_it.o(i.SysTick_Handler) for SysTick_Handler
    startup_stm32f103xe.o(RESET) refers to driver_usart.o(i.USART1_IRQHandler) for USART1_IRQHandler
    startup_stm32f103xe.o(RESET) refers to driver_usart.o(i.USART3_IRQHandler) for USART3_IRQHandler
    startup_stm32f103xe.o(RESET) refers to driver_key.o(i.EXTI15_10_IRQHandler) for EXTI15_10_IRQHandler
    startup_stm32f103xe.o(.text) refers to system_stm32f1xx.o(i.SystemInit) for SystemInit
    startup_stm32f103xe.o(.text) refers to entry.o(.ARM.Collect$$$$00000000) for __main
    main.o(i.SystemClock_Config) refers to memseta.o(.text) for __aeabi_memclr4
    main.o(i.SystemClock_Config) refers to stm32f1xx_hal_rcc.o(i.HAL_RCC_OscConfig) for HAL_RCC_OscConfig
    main.o(i.SystemClock_Config) refers to stm32f1xx_hal_rcc.o(i.HAL_RCC_ClockConfig) for HAL_RCC_ClockConfig
    main.o(i.main) refers to stm32f1xx_hal.o(i.HAL_Init) for HAL_Init
    main.o(i.main) refers to main.o(i.SystemClock_Config) for SystemClock_Config
    main.o(i.main) refers to gpio.o(i.MX_GPIO_Init) for MX_GPIO_Init
    main.o(i.main) refers to usart.o(i.MX_USART1_UART_Init) for MX_USART1_UART_Init
    main.o(i.main) refers to usart.o(i.MX_USART3_UART_Init) for MX_USART3_UART_Init
    main.o(i.main) refers to ring_buffer.o(i.ring_buffer_init) for ring_buffer_init
    main.o(i.main) refers to driver_usart.o(i.EnableDebugIRQ) for EnableDebugIRQ
    main.o(i.main) refers to driver_usart.o(i.EnableUART3IRQ) for EnableUART3IRQ
    main.o(i.main) refers to printf3.o(i.__0printf$3) for __2printf
    main.o(i.main) refers to smarthome.o(i.SmartHomeTask) for SmartHomeTask
    main.o(i.main) refers to main.o(.bss) for .bss
    gpio.o(i.MX_GPIO_Init) refers to stm32f1xx_hal_gpio.o(i.HAL_GPIO_WritePin) for HAL_GPIO_WritePin
    gpio.o(i.MX_GPIO_Init) refers to stm32f1xx_hal_gpio.o(i.HAL_GPIO_Init) for HAL_GPIO_Init
    usart.o(i.HAL_UART_MspDeInit) refers to stm32f1xx_hal_gpio.o(i.HAL_GPIO_DeInit) for HAL_GPIO_DeInit
    usart.o(i.HAL_UART_MspDeInit) refers to stm32f1xx_hal_cortex.o(i.HAL_NVIC_DisableIRQ) for HAL_NVIC_DisableIRQ
    usart.o(i.HAL_UART_MspInit) refers to stm32f1xx_hal_gpio.o(i.HAL_GPIO_Init) for HAL_GPIO_Init
    usart.o(i.HAL_UART_MspInit) refers to stm32f1xx_hal_cortex.o(i.HAL_NVIC_SetPriority) for HAL_NVIC_SetPriority
    usart.o(i.HAL_UART_MspInit) refers to stm32f1xx_hal_cortex.o(i.HAL_NVIC_EnableIRQ) for HAL_NVIC_EnableIRQ
    usart.o(i.MX_USART1_UART_Init) refers to stm32f1xx_hal_uart.o(i.HAL_UART_Init) for HAL_UART_Init
    usart.o(i.MX_USART1_UART_Init) refers to main.o(i.Error_Handler) for Error_Handler
    usart.o(i.MX_USART1_UART_Init) refers to usart.o(.bss) for .bss
    usart.o(i.MX_USART3_UART_Init) refers to stm32f1xx_hal_uart.o(i.HAL_UART_Init) for HAL_UART_Init
    usart.o(i.MX_USART3_UART_Init) refers to main.o(i.Error_Handler) for Error_Handler
    usart.o(i.MX_USART3_UART_Init) refers to usart.o(.bss) for .bss
    stm32f1xx_it.o(i.SysTick_Handler) refers to stm32f1xx_hal.o(i.HAL_IncTick) for HAL_IncTick
    stm32f1xx_hal_uart.o(i.HAL_HalfDuplex_Init) refers to usart.o(i.HAL_UART_MspInit) for HAL_UART_MspInit
    stm32f1xx_hal_uart.o(i.HAL_HalfDuplex_Init) refers to stm32f1xx_hal_uart.o(i.UART_SetConfig) for UART_SetConfig
    stm32f1xx_hal_uart.o(i.HAL_LIN_Init) refers to usart.o(i.HAL_UART_MspInit) for HAL_UART_MspInit
    stm32f1xx_hal_uart.o(i.HAL_LIN_Init) refers to stm32f1xx_hal_uart.o(i.UART_SetConfig) for UART_SetConfig
    stm32f1xx_hal_uart.o(i.HAL_MultiProcessor_Init) refers to usart.o(i.HAL_UART_MspInit) for HAL_UART_MspInit
    stm32f1xx_hal_uart.o(i.HAL_MultiProcessor_Init) refers to stm32f1xx_hal_uart.o(i.UART_SetConfig) for UART_SetConfig
    stm32f1xx_hal_uart.o(i.HAL_UARTEx_ReceiveToIdle) refers to stm32f1xx_hal.o(i.HAL_GetTick) for HAL_GetTick
[...]
    i.CAL_GPIOKeyInit                        0x080005d2   Section        0  cal_gpio_key.o(i.CAL_GPIOKeyInit)
    i.CAL_GetTime                            0x080005d6   Section        0  cal_time.o(i.CAL_GetTime)
    i.CAL_LEDDeviceControl                   0x080005da   Section        0  cal_led_device.o(i.CAL_LEDDeviceControl)
    i.CAL_LEDDeviceInit                      0x080005de   Section        0  cal_led_device.o(i.CAL_LEDDeviceInit)
    i.CAL_OLEDDeviceFlush                    0x080005e2   Section        0  cal_oled_device.o(i.CAL_OLEDDeviceFlush)
    i.CAL_OLEDDeviceInit                     0x080005e8   Section        0  cal_oled_device.o(i.CAL_OLEDDeviceInit)
    i.CAL_UART3Write                         0x080005f6   Section        0  cal_uart_device.o(i.CAL_UART3Write)
    i.ConvertInputEventToJson                0x08000600   Section        0  message.o(i.ConvertInputEventToJson)
    i.DebugMon_Handler                       0x0800067c   Section        0  stm32f1xx_it.o(i.DebugMon_Handler)
    i.DisplayDeviceRegister                  0x08000680   Section        0  display_device.o(i.DisplayDeviceRegister)
    i.DisplayNetInfoAndCreateTransfer        0x08000690   Section        0  smarthome.o(i.DisplayNetInfoAndCreateTransfer)
    i.ESP8266CloseTransfer                   0x080007b4   Section        0  esp8266.o(i.ESP8266CloseTransfer)
    ESP8266CloseTransfer                     0x080007b5   Thumb Code     8  esp8266.o(i.ESP8266CloseTransfer)
    i.ESP8266Connect                         0x080007c8   Section        0  esp8266.o(i.ESP8266Connect)
    ESP8266Connect                           0x080007c9   Thumb Code    30  esp8266.o(i.ESP8266Connect)
    i.ESP8266CreateTransfer                  0x080007fc   Section        0  esp8266.o(i.ESP8266CreateTransfer)
    ESP8266CreateTransfer                    0x080007fd   Thumb Code    24  esp8266.o(i.ESP8266CreateTransfer)
    i.ESP8266DataProcessCallback             0x08000840   Section        0  net_input.o(i.ESP8266DataProcessCallback)
    ESP8266DataProcessCallback               0x08000841   Thumb Code   170  net_input.o(i.ESP8266DataProcessCallback)
    i.ESP8266GetInfo                         0x080008fc   Section        0  esp8266.o(i.ESP8266GetInfo)
    ESP8266GetInfo                           0x080008fd   Thumb Code    76  esp8266.o(i.ESP8266GetInfo)
    i.ESP8266Init                            0x08000964   Section        0  esp8266.o(i.ESP8266Init)
    ESP8266Init                              0x08000965   Thumb Code    26  esp8266.o(i.ESP8266Init)
    i.ESP8266NetInputInit                    0x08000998   Section        0  net_input.o(i.ESP8266NetInputInit)
    ESP8266NetInputInit                      0x08000999   Thumb Code    12  net_input.o(i.ESP8266NetInputInit)
    i.ESP8266Recv                            0x080009a8   Section        0  esp8266.o(i.ESP8266Recv)
    ESP8266Recv                              0x080009a9   Thumb Code    16  esp8266.o(i.ESP8266Recv)
    i.ESP8266Send                            0x080009b8   Section        0  esp8266.o(i.ESP8266Send)
    ESP8266Send                              0x080009b9   Thumb Code     4  esp8266.o(i.ESP8266Send)
    i.EXTI15_10_IRQHandler                   0x080009bc   Section        0  driver_key.o(i.EXTI15_10_IRQHandler)
    i.EnableDebugIRQ                         0x080009d4   Section        0  driver_usart.o(i.EnableDebugIRQ)
    i.EnableUART3IRQ                         0x080009f8   Section        0  driver_usart.o(i.EnableUART3IRQ)
    i.Error_Handler                          0x08000a1c   Section        0  main.o(i.Error_Handler)
    i.FanDeviceControl                       0x08000a20   Section        0  fan_device.o(i.FanDeviceControl)
    FanDeviceControl                         0x08000a21   Thumb Code     4  fan_device.o(i.FanDeviceControl)
    i.FanDeviceInit                          0x08000a24   Section        0  fan_device.o(i.FanDeviceInit)
    FanDeviceInit                            0x08000a25   Thumb Code     4  fan_device.o(i.FanDeviceInit)
    i.FontLibRegister                        0x08000a28   Section        0  font_manager.o(i.FontLibRegister)
    i.GPIOKeyInit                            0x08000a38   Section        0  gpio_key.o(i.GPIOKeyInit)
    GPIOKeyInit                              0x08000a39   Thumb Code    10  gpio_key.o(i.GPIOKeyInit)
    i.GetASCIIFontBitMap                     0x08000a44   Section        0  ascii_font.o(i.GetASCIIFontBitMap)
    GetASCIIFontBitMap                       0x08000a45   Thumb Code    62  ascii_font.o(i.GetASCIIFontBitMap)
    i.GetASCIIFontSize                       0x08000a88   Section        0  ascii_font.o(i.GetASCIIFontSize)
    GetASCIIFontSize                         0x08000a89   Thumb Code    16  ascii_font.o(i.GetASCIIFontSize)
    i.GetATInterfaceDevice                   0x08000a98   Section        0  uart_device.o(i.GetATInterfaceDevice)
    i.GetCodeForStr                          0x08000aa0   Section        0  encoding.o(i.GetCodeForStr)
    i.GetDisplayDevice                       0x08000aa8   Section        0  display_system.o(i.GetDisplayDevice)
    i.GetFanDevice                           0x08000aac   Section        0  fan_device.o(i.GetFanDevice)
    i.GetFontBitMap                          0x08000ab4   Section        0  font_system.o(i.GetFontBitMap)
    i.GetFontLib                             0x08000ac0   Section        0  font_system.o(i.GetFontLib)
    i.GetInputEvent                          0x08000ac4   Section        0  input_buffer.o(i.GetInputEvent)
    i.GetLEDDevice                           0x08000b10   Section        0  led_device.o(i.GetLEDDevice)
    i.GetNetDevice                           0x08000b28   Section        0  net_system.o(i.GetNetDevice)
    i.GetUART3RingBuffer                     0x08000b2c   Section        0  uart_device.o(i.GetUART3RingBuffer)
    i.HAL_DMA_Abort                          0x08000b34   Section        0  stm32f1xx_hal_dma.o(i.HAL_DMA_Abort)
    i.HAL_DMA_Abort_IT                       0x08000b7c   Section        0  stm32f1xx_hal_dma.o(i.HAL_DMA_Abort_IT)
    i.HAL_Delay                              0x08000cac   Section        0  stm32f1xx_hal.o(i.HAL_Delay)
    i.HAL_FanDeviceControl                   0x08000cd0   Section        0  driver_fan.o(i.HAL_FanDeviceControl)
    i.HAL_GPIO_DeInit                        0x08000d18   Section        0  stm32f1xx_hal_gpio.o(i.HAL_GPIO_DeInit)
    i.HAL_GPIO_EXTI_Callback                 0x08000e38   Section        0  driver_key.o(i.HAL_GPIO_EXTI_Callback)
    i.HAL_GPIO_EXTI_IRQHandler               0x08000e90   Section        0  stm32f1xx_hal_gpio.o(i.HAL_GPIO_EXTI_IRQHandler)
    i.HAL_GPIO_Init                          0x08000ea8   Section        0  stm32f1xx_hal_gpio.o(i.HAL_GPIO_Init)
    i.HAL_GPIO_ReadPin                       0x080010a0   Section        0  stm32f1xx_hal_gpio.o(i.HAL_GPIO_ReadPin)
    i.HAL_GPIO_WritePin                      0x080010aa   Section        0  stm32f1xx_hal_gpio.o(i.HAL_GPIO_WritePin)
    i.HAL_GetTick                            0x080010b4   Section        0  stm32f1xx_hal.o(i.HAL_GetTick)
    i.HAL_IncTick                            0x080010c0   Section        0  stm32f1xx_hal.o(i.HAL_IncTick)
    i.HAL_Init                               0x080010d0   Section        0  stm32f1xx_hal.o(i.HAL_Init)
    i.HAL_InitTick                           0x080010f4   Section        0  stm32f1xx_hal.o(i.HAL_InitTick)
    i.HAL_LEDDeviceControl                   0x08001134   Section        0  driver_led.o(i.HAL_LEDDeviceControl)
    i.HAL_MspInit                            0x08001180   Section        0  stm32f1xx_hal_msp.o(i.HAL_MspInit)
    i.HAL_NVIC_EnableIRQ                     0x080011bc   Section        0  stm32f1xx_hal_cortex.o(i.HAL_NVIC_EnableIRQ)
    i.HAL_NVIC_SetPriority                   0x080011d8   Section        0  stm32f1xx_hal_cortex.o(i.HAL_NVIC_SetPriority)
    i.HAL_NVIC_SetPriorityGrouping           0x08001218   Section        0  stm32f1xx_hal_cortex.o(i.HAL_NVIC_SetPriorityGrouping)
    i.HAL_RCC_ClockConfig                    0x0800123c   Section        0  stm32f1xx_hal_rcc.o(i.HAL_RCC_ClockConfig)
    i.HAL_RCC_GetPCLK1Freq                   0x08001368   Section        0  stm32f1xx_hal_rcc.o(i.HAL_RCC_GetPCLK1Freq)
    i.HAL_RCC_GetPCLK2Freq                   0x08001388   Section        0  stm32f1xx_hal_rcc.o(i.HAL_RCC_GetPCLK2Freq)
    i.HAL_RCC_GetSysClockFreq                0x080013a8   Section        0  stm32f1xx_hal_rcc.o(i.HAL_RCC_GetSysClockFreq)
    i.HAL_RCC_OscConfig                      0x08001414   Section        0  stm32f1xx_hal_rcc.o(i.HAL_RCC_OscConfig)
    i.HAL_SYSTICK_Config                     0x08001734   Section        0  stm32f1xx_hal_cortex.o(i.HAL_SYSTICK_Config)
    i.HAL_UARTEx_RxEventCallback             0x0800175c   Section        0  stm32f1xx_hal_uart.o(i.HAL_UARTEx_RxEventCallback)
    i.HAL_UART_ErrorCallback                 0x0800175e   Section        0  stm32f1xx_hal_uart.o(i.HAL_UART_ErrorCallback)
    i.HAL_UART_IRQHandler                    0x08001760   Section        0  stm32f1xx_hal_uart.o(i.HAL_UART_IRQHandler)
    i.HAL_UART_Init                          0x0800196c   Section        0  stm32f1xx_hal_uart.o(i.HAL_UART_Init)
    i.HAL_UART_MspInit                       0x080019d0   Section        0  usart.o(i.HAL_UART_MspInit)
    i.HAL_UART_RxCpltCallback                0x08001ab8   Section        0  driver_usart.o(i.HAL_UART_RxCpltCallback)
    i.HAL_UART_Transmit_IT                   0x08001ad0   Section        0  stm32f1xx_hal_uart.o(i.HAL_UART_Transmit_IT)
    i.HAL_UART_TxCpltCallback                0x08001b10   Section        0  driver_usart.o(i.HAL_UART_TxCpltCallback)
    i.HardFault_Handler                      0x08001b28   Section        0  stm32f1xx_it.o(i.HardFault_Handler)
    i.I2C_Delay                              0x08001b2a   Section        0  driver_i2c.o(i.I2C_Delay)
    i.I2C_GPIO_ReInit                        0x08001b3c   Section        0  driver_i2c.o(i.I2C_GPIO_ReInit)
    i.I2C_GetAck                             0x08001b9c   Section        0  driver_i2c.o(i.I2C_GetAck)
    i.I2C_Start                              0x08001c0c   Section        0  driver_i2c.o(i.I2C_Start)
    i.I2C_Stop                               0x08001c44   Section        0  driver_i2c.o(i.I2C_Stop)
    i.I2C_WriteByte                          0x08001c80   Section        0  driver_i2c.o(i.I2C_WriteByte)
    i.InitDefaultFontLib                     0x08001cdc   Section        0  font_system.o(i.InitDefaultFontLib)
    i.InitInputDevices                       0x08001cf0   Section        0  input_system.o(i.InitInputDevices)
    i.InputDeviceRegister                    0x08001d08   Section        0  input_system.o(i.InputDeviceRegister)
    i.KAL_Delay                              0x08001d18   Section        0  kal_time.o(i.KAL_Delay)
    i.KAL_FanDeviceControl                   0x08001d1c   Section        0  kal_fan_device.o(i.KAL_FanDeviceControl)
    i.KAL_GetTime                            0x08001d20   Section        0  kal_time.o(i.KAL_GetTime)
    i.KAL_KeyInit                            0x08001d24   Section        0  kal_gpio_key.o(i.KAL_KeyInit)
    i.KAL_LEDDeviceControl                   0x08001d28   Section        0  kal_led_device.o(i.KAL_LEDDeviceControl)
    i.KAL_LEDDeviceInit                      0x08001d2c   Section        0  kal_led_device.o(i.KAL_LEDDeviceInit)
    i.KAL_OLEDDeviceFlush                    0x08001d30   Section        0  kal_oled_device.o(i.KAL_OLEDDeviceFlush)
    i.KAL_OLEDDeviceInit                     0x08001d34   Section        0  kal_oled_device.o(i.KAL_OLEDDeviceInit)
    i.KAL_UART3Write                         0x08001d38   Section        0  kal_uart_device.o(i.KAL_UART3Write)
    i.KEY_GPIO_ReInit                        0x08001d3c   Section        0  driver_key.o(i.KEY_GPIO_ReInit)
    i.LEDDeviceControl                       0x08001dac   Section        0  led_device.o(i.LEDDeviceControl)
    LEDDeviceControl                         0x08001dad   Thumb Code     4  led_device.o(i.LEDDeviceControl)
    i.LEDDeviceInit                          0x08001db0   Section        0  led_device.o(i.LEDDeviceInit)
    LEDDeviceInit                            0x08001db1   Thumb Code     4  led_device.o(i.LEDDeviceInit)
    i.MX_GPIO_Init                           0x08001db4   Section        0  gpio.o(i.MX_GPIO_Init)
    i.MX_USART1_UART_Init                    0x08001ea0   Section        0  usart.o(i.MX_USART1_UART_Init)
    i.MX_USART3_UART_Init                    0x08001ed8   Section        0  usart.o(i.MX_USART3_UART_Init)
    i.MemManage_Handler                      0x08001f10   Section        0  stm32f1xx_it.o(i.MemManage_Handler)
    i.NMI_Handler                            0x08001f12   Section        0  stm32f1xx_it.o(i.NMI_Handler)
    i.NetDeviceRegister                      0x08001f14   Section        0  net_device.o(i.NetDeviceRegister)
    i.OLEDDeviceFlush                        0x08001f24   Section        0  oled_device.o(i.OLEDDeviceFlush)
    OLEDDeviceFlush                          0x08001f25   Thumb Code     4  oled_device.o(i.OLEDDeviceFlush)
    i.OLEDDeviceInit                         0x08001f28   Section        0  oled_device.o(i.OLEDDeviceInit)
    OLEDDeviceInit                           0x08001f29   Thumb Code     4  oled_device.o(i.OLEDDeviceInit)
    i.OLEDDeviceSetPixel                     0x08001f2c   Section        0  oled_device.o(i.OLEDDeviceSetPixel)
    OLEDDeviceSetPixel                       0x08001f2d   Thumb Code    62  oled_device.o(i.OLEDDeviceSetPixel)
    i.OLED_Copy                              0x08001f6a   Section        0  driver_oled.o(i.OLED_Copy)
    i.OLED_Init                              0x08001f8c   Section        0  driver_oled.o(i.OLED_Init)
    i.OLED_SetChargePump                     0x08001fec   Section        0  driver_oled.o(i.OLED_SetChargePump)
    i.OLED_SetColAddr_PAGE                   0x08002010   Section        0  driver_oled.o(i.OLED_SetColAddr_PAGE)
    i.OLED_SetComConfig                      0x0800203c   Section        0  driver_oled.o(i.OLED_SetComConfig)
    i.OLED_SetContrastValue                  0x08002068   Section        0  driver_oled.o(i.OLED_SetContrastValue)
    i.OLED_SetDCLK_Freq                      0x0800207c   Section        0  driver_oled.o(i.OLED_SetDCLK_Freq)
    i.OLED_SetDispOffset                     0x080020a0   Section        0  driver_oled.o(i.OLED_SetDispOffset)
    i.OLED_SetDispStartLine                  0x080020ba   Section        0  driver_oled.o(i.OLED_SetDispStartLine)
    i.OLED_SetMemAddrMode                    0x080020c8   Section        0  driver_oled.o(i.OLED_SetMemAddrMode)
    i.OLED_SetMuxRatio                       0x080020ec   Section        0  driver_oled.o(i.OLED_SetMuxRatio)
    i.OLED_SetPageAddr_PAGE                  0x08002108   Section        0  driver_oled.o(i.OLED_SetPageAddr_PAGE)
    i.OLED_SetPosition                       0x08002124   Section        0  driver_oled.o(i.OLED_SetPosition)
    i.OLED_WriteCmd                          0x08002136   Section        0  driver_oled.o(i.OLED_WriteCmd)
    i.OLED_WriteNBytes                       0x08002158   Section        0  driver_oled.o(i.OLED_WriteNBytes)
    i.PendSV_Handler                         0x0800218e   Section        0  stm32f1xx_it.o(i.PendSV_Handler)
    i.PutInputEvent                          0x08002190   Section        0  input_buffer.o(i.PutInputEvent)
    i.SVC_Handler                            0x080021dc   Section        0  stm32f1xx_it.o(i.SVC_Handler)
    i.SetDefaultFontLib                      0x080021e0   Section        0  font_system.o(i.SetDefaultFontLib)
    i.SetNetInputProcessCallback             0x080021fc   Section        0  driver_usart.o(i.SetNetInputProcessCallback)
    i.ShowTextInDisplayDevice                0x08002208   Section        0  show_text.o(i.ShowTextInDisplayDevice)
    i.SmartHomeControlDevices                0x080022a8   Section        0  smarthome.o(i.SmartHomeControlDevices)
    SmartHomeControlDevices                  0x080022a9   Thumb Code   210  smarthome.o(i.SmartHomeControlDevices)
    i.SmartHomeTask                          0x080023a4   Section        0  smarthome.o(i.SmartHomeTask)
    i.SysTick_Handler                        0x08002458   Section        0  stm32f1xx_it.o(i.SysTick_Handler)
    i.SystemClock_Config                     0x0800245c   Section        0  main.o(i.SystemClock_Config)
    i.SystemInit                             0x080024ba   Section        0  system_stm32f1xx.o(i.SystemInit)
    i.SystemInit                             0x080024bc   Section        0  smarthome.o(i.SystemInit)
    SystemInit                               0x080024bd   Thumb Code   146  smarthome.o(i.SystemInit)
    i.UART3Init                              0x08002584   Section        0  uart_device.o(i.UART3Init)
    UART3Init                                0x08002585   Thumb Code    12  uart_device.o(i.UART3Init)
    i.UART3InvalidRecvBuf                    0x08002594   Section        0  uart_device.o(i.UART3InvalidRecvBuf)
    UART3InvalidRecvBuf                      0x08002595   Thumb Code    14  uart_device.o(i.UART3InvalidRecvBuf)
    i.UART3ReadByte                          0x080025a8   Section        0  uart_device.o(i.UART3ReadByte)
    UART3ReadByte                            0x080025a9   Thumb Code     8  uart_device.o(i.UART3ReadByte)
    i.UART3Write                             0x080025b4   Section        0  uart_device.o(i.UART3Write)
    UART3Write                               0x080025b5   Thumb Code     8  uart_device.o(i.UART3Write)
    i.UART_DMAAbortOnError                   0x080025bc   Section        0  stm32f1xx_hal_uart.o(i.UART_DMAAbortOnError)
    UART_DMAAbortOnError                     0x080025bd   Thumb Code    16  stm32f1xx_hal_uart.o(i.UART_DMAAbortOnError)
    i.UART_EndRxTransfer                     0x080025cc   Section        0  stm32f1xx_hal_uart.o(i.UART_EndRxTransfer)
    UART_EndRxTransfer                       0x080025cd   Thumb Code    48  stm32f1xx_hal_uart.o(i.UART_EndRxTransfer)
    i.UART_Receive_IT                        0x080025fc   Section        0  stm32f1xx_hal_uart.o(i.UART_Receive_IT)
    UART_Receive_IT                          0x080025fd   Thumb Code   182  stm32f1xx_hal_uart.o(i.UART_Receive_IT)
    i.UART_SetConfig                         0x080026b4   Section        0  stm32f1xx_hal_uart.o(i.UART_SetConfig)
    UART_SetConfig                           0x080026b5   Thumb Code   178  stm32f1xx_hal_uart.o(i.UART_SetConfig)
    i.USART1_IRQHandler                      0x0800276c   Section        0  driver_usart.o(i.USART1_IRQHandler)
    i.USART3_IRQHandler                      0x0800279c   Section        0  driver_usart.o(i.USART3_IRQHandler)
    i.USART3_SendBytes                       0x080027e0   Section        0  driver_usart.o(i.USART3_SendBytes)
    i.UsageFault_Handler                     0x08002800   Section        0  stm32f1xx_it.o(i.UsageFault_Handler)
    i.WifiConnect                            0x08002804   Section        0  smarthome.o(i.WifiConnect)
    i.__0printf$3                            0x0800287c   Section        0  printf3.o(i.__0printf$3)
    i.__0sprintf$3                           0x0800289c   Section        0  printf3.o(i.__0sprintf$3)
    i.__GetDisplayDevice                     0x080028c4   Section        0  display_device.o(i.__GetDisplayDevice)
    i.__GetFontLib                           0x080028ec   Section        0  font_manager.o(i.__GetFontLib)
    i.__GetNetDevice                         0x08002914   Section        0  net_device.o(i.__GetNetDevice)
    i.__NVIC_SetPriority                     0x0800293c   Section        0  stm32f1xx_hal_cortex.o(i.__NVIC_SetPriority)
    __NVIC_SetPriority                       0x0800293d   Thumb Code    32  stm32f1xx_hal_cortex.o(i.__NVIC_SetPriority)
    i.__scatterload_copy                     0x0800295c   Section       14  handlers.o(i.__scatterload_copy)
    i.__scatterload_null                     0x0800296a   Section        2  handlers.o(i.__scatterload_null)
    i.__scatterload_zeroinit                 0x0800296c   Section       14  handlers.o(i.__scatterload_zeroinit)
    i._printf_core                           0x0800297c   Section        0  printf3.o(i._printf_core)
    _printf_core                             0x0800297d   Thumb Code   436  printf3.o(i._printf_core)
    i._sputc                                 0x08002b34   Section        0  printf3.o(i._sputc)
    _sputc                                   0x08002b35   Thumb Code    10  printf3.o(i._sputc)
    i.fputc                                  0x08002b40   Section        0  driver_usart.o(i.fputc)
    i.isReturnERROR                          0x08002b64   Section        0  at_command.o(i.isReturnERROR)
    isReturnERROR                            0x08002b65   Thumb Code    20  at_command.o(i.isReturnERROR)
    i.isReturnOK                             0x08002b80   Section        0  at_command.o(i.isReturnOK)
    isReturnOK                               0x08002b81   Thumb Code    20  at_command.o(i.isReturnOK)
    i.main                                   0x08002b9c   Section        0  main.o(i.main)
    i.ring_buffer_init                       0x08002be0   Section        0  ring_buffer.o(i.ring_buffer_init)
    i.ring_buffer_read                       0x08002bec   Section        0  ring_buffer.o(i.ring_buffer_read)
    i.ring_buffer_write                      0x08002c18   Section        0  ring_buffer.o(i.ring_buffer_write)
    .constdata                               0x08002c36   Section       16  system_stm32f1xx.o(.constdata)
    .constdata                               0x08002c46   Section        8  system_stm32f1xx.o(.constdata)
    .constdata                               0x08002c4e   Section     2048  ascii_font.o(.constdata)
    .conststring                             0x08003450   Section        9  gpio_key.o(.conststring)
    .conststring                             0x0800345c   Section        9  net_input.o(.conststring)
    .conststring                             0x08003468   Section        6  uart_device.o(.conststring)
    .conststring                             0x08003470   Section        5  oled_device.o(.conststring)
    .conststring                             0x08003478   Section        6  ascii_font.o(.conststring)
    .conststring                             0x08003480   Section        8  esp8266.o(.conststring)
    .data                                    0x20000000   Section       12  stm32f1xx_hal.o(.data)
    .data                                    0x2000000c   Section        4  system_stm32f1xx.o(.data)
    .data                                    0x20000010   Section       12  driver_usart.o(.data)
    txcplt_flag                              0x20000010   Data           1  driver_usart.o(.data)
    rxcplt_flag                              0x20000011   Data           1  driver_usart.o(.data)
    uart3_ringbuffer                         0x20000014   Data           4  driver_usart.o(.data)
    g_fNetInputProcessCallback               0x20000018   Data           4  driver_usart.o(.data)
    .data                                    0x2000001c   Section        1  driver_oled.o(.data)
    mem_mode                                 0x2000001c   Data           1  driver_oled.o(.data)
    .data                                    0x20000020   Section       20  gpio_key.o(.data)
    g_t_Key_Device                           0x20000020   Data          20  gpio_key.o(.data)
    .data                                    0x20000034   Section        4  input_system.o(.data)
    g_ptInputDevices                         0x20000034   Data           4  input_system.o(.data)
    .data                                    0x20000038   Section       32  net_input.o(.data)
    g_status                                 0x20000038   Data           1  net_input.o(.data)
    g_DataBuffIndex                          0x2000003c   Data           4  net_input.o(.data)
    g_DataLen                                0x20000040   Data           4  net_input.o(.data)
    g_t_NetInput_Device                      0x20000044   Data          20  net_input.o(.data)
    .data                                    0x20000058   Section       72  led_device.o(.data)
    g_tLEDDevices                            0x20000058   Data          72  led_device.o(.data)
    .data                                    0x200000a0   Section       12  fan_device.o(.data)
    g_tFanDevice                             0x200000a0   Data          12  fan_device.o(.data)
    .data                                    0x200000ac   Section       20  uart_device.o(.data)
    g_tUART3Device                           0x200000ac   Data          20  uart_device.o(.data)
    .data                                    0x200000c0   Section        4  display_device.o(.data)
    g_ptDisplayDevices                       0x200000c0   Data           4  display_device.o(.data)
    .data                                    0x200000c4   Section       40  oled_device.o(.data)
    g_tOLEDDevice                            0x200000c4   Data          40  oled_device.o(.data)
    .data                                    0x200000ec   Section        4  font_system.o(.data)
    g_ptDefaultFontLib                       0x200000ec   Data           4  font_system.o(.data)
    .data                                    0x200000f0   Section       24  ascii_font.o(.data)
    g_ASCIIFontLib                           0x200000f0   Data          24  ascii_font.o(.data)
    .data                                    0x20000108   Section        4  font_manager.o(.data)
    g_ptFontLibs                             0x20000108   Data           4  font_manager.o(.data)
    .data                                    0x2000010c   Section       64  esp8266.o(.data)
    g_tESP8266NetDevice                      0x2000010c   Data          64  esp8266.o(.data)
    .data                                    0x2000014c   Section        4  net_device.o(.data)
    g_ptNetDevices                           0x2000014c   Data           4  net_device.o(.data)
    .data                                    0x20000150   Section        4  at_command.o(.data)
    g_ptATIntfDev                            0x20000150   Data           4  at_command.o(.data)
    .data                                    0x20000154   Section        4  stdout.o(.data)
    .bss                                     0x20000158   Section     1032  main.o(.bss)
    .bss                                     0x20000560   Section      136  usart.o(.bss)
    .bss                                     0x200005e8   Section      768  input_buffer.o(.bss)
    g_tInputBuffer                           0x200005e8   Data         768  input_buffer.o(.bss)
    .bss                                     0x200008e8   Section       50  net_input.o(.bss)
    g_ESP8266DataBuff                        0x200008e8   Data          50  net_input.o(.bss)
    .bss                                     0x2000091c   Section     1032  uart_device.o(.bss)
    g_UART3RingBuffer                        0x2000091c   Data        1032  uart_device.o(.bss)
    .bss                                     0x20000d24   Section     1024  oled_device.o(.bss)
    g_OLEDFramebuffer                        0x20000d24   Data        1024  oled_device.o(.bss)
    STACK                                    0x20001128   Section     1024  startup_stm32f103xe.o(STACK)

    Global Symbols

    Symbol Name                              Value     Ov Type        Size  Object(Section)

    BuildAttributes$$THM_ISAv4$P$D$K$B$S$PE$A:L22UL41UL21$X:L11$S22US41US21$IEEE1$IW$USESV6$~STKCKD$USESV7$~SHL$OSPACE$ROPI$EBA8$MICROLIB$REQ8$PRES8$EABIv2 0x00000000   Number         0  anon$$obj.o ABSOLUTE
    __ARM_use_no_argv                        0x00000000   Number         0  main.o ABSOLUTE
    _printf_a                                0x00000000   Number         0  stubs.o ABSOLUTE
    _printf_c                                0x00000000   Number         0  stubs.o ABSOLUTE
    _printf_charcount                        0x00000000   Number         0  stubs.o ABSOLUTE
    _printf_d                                0x00000000   Number         0  stubs.o ABSOLUTE
    _printf_e                                0x00000000   Number         0  stubs.o ABSOLUTE
    _printf_f                                0x00000000   Number         0  stubs.o ABSOLUTE
    _printf_flags                            0x00000000   Number         0  stubs.o ABSOLUTE
    _printf_fp_dec                           0x00000000   Number         0  stubs.o ABSOLUTE
    _printf_fp_hex                           0x00000000   Number         0  stubs.o ABSOLUTE
    _printf_g                                0x00000000   Number         0  stubs.o ABSOLUTE
    _printf_i                                0x00000000   Number         0  stubs.o ABSOLUTE
    _printf_int_dec                          0x00000000   Number         0  stubs.o ABSOLUTE
    _printf_l                                0x00000000   Number         0  stubs.o ABSOLUTE
    _printf_lc                               0x00000000   Number         0  stubs.o ABSOLUTE
    _printf_ll                               0x00000000   Number         0  stubs.o ABSOLUTE
    _printf_lld                              0x00000000   Number         0  stubs.o ABSOLUTE
    _printf_lli                              0x00000000   Number         0  stubs.o ABSOLUTE
    _printf_llo                              0x00000000   Number         0  stubs.o ABSOLUTE
    _printf_llu                              0x00000000   Number         0  stubs.o ABSOLUTE
    _printf_llx                              0x00000000   Number         0  stubs.o ABSOLUTE
    _printf_longlong_dec                     0x00000000   Number         0  stubs.o ABSOLUTE
    _printf_longlong_hex                     0x00000000   Number         0  stubs.o ABSOLUTE
    _printf_longlong_oct                     0x00000000   Number         0  stubs.o ABSOLUTE
    _printf_ls                               0x00000000   Number         0  stubs.o ABSOLUTE
    _printf_mbtowc                           0x00000000   Number         0  stubs.o ABSOLUTE
    _printf_n                                0x00000000   Number         0  stubs.o ABSOLUTE
    _printf_o                                0x00000000   Number         0  stubs.o ABSOLUTE
    _printf_p                                0x00000000   Number         0  stubs.o ABSOLUTE
    _printf_percent                          0x00000000   Number         0  stubs.o ABSOLUTE
    _printf_pre_padding                      0x00000000   Number         0  stubs.o ABSOLUTE
    _printf_return_value                     0x00000000   Number         0  stubs.o ABSOLUTE
    _printf_s                                0x00000000   Number         0  stubs.o ABSOLUTE
    _printf_sizespec                         0x00000000   Number         0  stubs.o ABSOLUTE
    _printf_str                              0x00000000   Number         0  stubs.o ABSOLUTE
    _printf_truncate_signed                  0x00000000   Number         0  stubs.o ABSOLUTE
    _printf_truncate_unsigned                0x00000000   Number         0  stubs.o ABSOLUTE
    _printf_u                                0x00000000   Number         0  stubs.o ABSOLUTE
    _printf_wc                               0x00000000   Number         0  stubs.o ABSOLUTE
    _printf_wctomb                           0x00000000   Number         0  stubs.o ABSOLUTE
    _printf_widthprec                        0x00000000   Number         0  stubs.o ABSOLUTE
    _printf_x                                0x00000000   Number         0  stubs.o ABSOLUTE
    __arm_fini_                               - Undefined Weak Reference
    __cpp_initialize__aeabi_                  - Undefined Weak Reference
    __cxa_finalize                            - Undefined Weak Reference
    _clock_init                               - Undefined Weak Reference
    _microlib_exit                            - Undefined Weak Reference
    __Vectors_Size                           0x00000130   Number         0  startup_stm32f103xe.o ABSOLUTE
    __Vectors                                0x08000000   Data           4  startup_stm32f103xe.o(RESET)
    __Vectors_End                            0x08000130   Data           0  startup_stm32f103xe.o(RESET)
    __main                                   0x08000131   Thumb Code     0  entry.o(.ARM.Collect$$$$00000000)
    _main_stk                                0x08000131   Thumb Code     0  entry2.o(.ARM.Collect$$$$00000001)
    _main_scatterload                        0x08000135   Thumb Code     0  entry5.o(.ARM.Collect$$$$00000004)
    __main_after_scatterload                 0x08000139   Thumb Code     0  entry5.o(.ARM.Collect$$$$00000004)
    _main_clock                              0x08000139   Thumb Code     0  entry7b.o(.ARM.Collect$$$$00000008)
    _main_cpp_init                           0x08000139   Thumb Code     0  entry8b.o(.ARM.Collect$$$$0000000A)
    _main_init                               0x08000139   Thumb Code     0  entry9a.o(.ARM.Collect$$$$0000000B)
    __rt_lib_shutdown_fini                   0x08000141   Thumb Code     0  entry12b.o(.ARM.Collect$$$$0000000E)
    __rt_final_cpp                           0x08000145   Thumb Code     0  entry10a.o(.ARM.Collect$$$$0000000F)
    __rt_final_exit                          0x08000145   Thumb Code     0  entry11a.o(.ARM.Collect$$$$00000011)
    Reset_Handler                            0x08000149   Thumb Code     8  startup_stm32f103xe.o(.text)
    ADC1_2_IRQHandler                        0x08000163   Thumb Code     0  startup_stm32f103xe.o(.text)
    ADC3_IRQHandler                          0x08000163   Thumb Code     0  startup_stm32f103xe.o(.text)
    CAN1_RX1_IRQHandler                      0x08000163   Thumb Code     0  startup_stm32f103xe.o(.text)
    CAN1_SCE_IRQHandler                      0x08000163   Thumb Code     0  startup_stm32f103xe.o(.text)
    DMA1_Channel1_IRQHandler                 0x08000163   Thumb Code     0  startup_stm32f103xe.o(.text)
    DMA1_Channel2_IRQHandler                 0x08000163   Thumb Code     0  startup_stm32f103xe.o(.text)
    DMA1_Channel3_IRQHandler                 0x08000163   Thumb Code     0  startup_stm32f103xe.o(.text)
    DMA1_Channel4_IRQHandler                 0x08000163   Thumb Code     0  startup_stm32f103xe.o(.text)
    DMA1_Channel5_IRQHandler                 0x08000163   Thumb Code     0  startup_stm32f103xe.o(.text)
    DMA1_Channel6_IRQHandler                 0x08000163   Thumb Code     0  startup_stm32f103xe.o(.text)
    DMA1_Channel7_IRQHandler                 0x08000163   Thumb Code     0  startup_stm32f103xe.o(.text)
    DMA2_Channel1_IRQHandler                 0x08000163   Thumb Code     0  startup_stm32f103xe.o(.text)
    DMA2_Channel2_IRQHandler                 0x08000163   Thumb Code     0  startup_stm32f103xe.o(.text)
    DMA2_Channel3_IRQHandler                 0x08000163   Thumb Code     0  startup_stm32f103xe.o(.text)
    DMA2_Channel4_5_IRQHandler               0x08000163   Thumb Code     0  startup_stm32f103xe.o(.text)
    EXTI0_IRQHandler                         0x08000163   Thumb Code     0  startup_stm32f103xe.o(.text)
    EXTI1_IRQHandler                         0x08000163   Thumb Code     0  startup_stm32f103xe.o(.text)
    EXTI2_IRQHandler                         0x08000163   Thumb Code     0  startup_stm32f103xe.o(.text)
    EXTI3_IRQHandler                         0x08000163   Thumb Code     0  startup_stm32f103xe.o(.text)
    EXTI4_IRQHandler                         0x08000163   Thumb Code     0  startup_stm32f103xe.o(.text)
    EXTI9_5_IRQHandler                       0x08000163   Thumb Code     0  startup_stm32f103xe.o(.text)
    FLASH_IRQHandler                         0x08000163   Thumb Code     0  startup_stm32f103xe.o(.text)
    FSMC_IRQHandler                          0x08000163   Thumb Code     0  startup_stm32f103xe.o(.text)
    I2C1_ER_IRQHandler                       0x08000163   Thumb Code     0  startup_stm32f103xe.o(.text)
    I2C1_EV_IRQHandler                       0x08000163   Thumb Code     0  startup_stm32f103xe.o(.text)
    I2C2_ER_IRQHandler                       0x08000163   Thumb Code     0  startup_stm32f103xe.o(.text)
    I2C2_EV_IRQHandler                       0x08000163   Thumb Code     0  startup_stm32f103xe.o(.text)
    PVD_IRQHandler                           0x08000163   Thumb Code     0  startup_stm32f103xe.o(.text)
    RCC_IRQHandler                           0x08000163   Thumb Code     0  startup_stm32f103xe.o(.text)
    RTC_Alarm_IRQHandler                     0x08000163   Thumb Code     0  startup_stm32f103xe.o(.text)
    RTC_IRQHandler                           0x08000163   Thumb Code     0  startup_stm32f103xe.o(.text)
    SDIO_IRQHandler                          0x08000163   Thumb Code     0  startup_stm32f103xe.o(.text)
    SPI1_IRQHandler                          0x08000163   Thumb Code     0  startup_stm32f103xe.o(.text)
    SPI2_IRQHandler                          0x08000163   Thumb Code     0  startup_stm32f103xe.o(.text)
    SPI3_IRQHandler                          0x08000163   Thumb Code     0  startup_stm32f103xe.o(.text)
    TAMPER_IRQHandler                        0x08000163   Thumb Code     0  startup_stm32f103xe.o(.text)
    TIM1_BRK_IRQHandler                      0x08000163   Thumb Code     0  startup_stm32f103xe.o(.text)
    TIM1_CC_IRQHandler                       0x08000163   Thumb Code     0  startup_stm32f103xe.o(.text)
    TIM1_TRG_COM_IRQHandler                  0x08000163   Thumb Code     0  startup_stm32f103xe.o(.text)
    TIM1_UP_IRQHandler                       0x08000163   Thumb Code     0  startup_stm32f103xe.o(.text)
    TIM2_IRQHandler                          0x08000163   Thumb Code     0  startup_stm32f103xe.o(.text)
    TIM3_IRQHandler                          0x08000163   Thumb Code     0  startup_stm32f103xe.o(.text)
    TIM4_IRQHandler                          0x08000163   Thumb Code     0  startup_stm32f103xe.o(.text)
    TIM5_IRQHandler                          0x08000163   Thumb Code     0  startup_stm32f103xe.o(.text)
    TIM6_IRQHandler                          0x08000163   Thumb Code     0  startup_stm32f103xe.o(.text)
    TIM7_IRQHandler                          0x08000163   Thumb Code     0  startup_stm32f103xe.o(.text)
    TIM8_BRK_IRQHandler                      0x08000163   Thumb Code     0  startup_stm32f103xe.o(.text)
    TIM8_CC_IRQHandler                       0x08000163   Thumb Code     0  startup_stm32f103xe.o(.text)
    TIM8_TRG_COM_IRQHandler                  0x08000163   Thumb Code     0  startup_stm32f103xe.o(.text)
    TIM8_UP_IRQHandler                       0x08000163   Thumb Code     0  startup_stm32f103xe.o(.text)
    UART4_IRQHandler                         0x08000163   Thumb Code     0  startup_stm32f103xe.o(.text)
    UART5_IRQHandler                         0x08000163   Thumb Code     0  startup_stm32f103xe.o(.text)
    USART2_IRQHandler                        0x08000163   Thumb Code     0  startup_stm32f103xe.o(.text)
    USBWakeUp_IRQHandler                     0x08000163   Thumb Code     0  startup_stm32f103xe.o(.text)
    USB_HP_CAN1_TX_IRQHandler                0x08000163   Thumb Code     0  startup_stm32f103xe.o(.text)
    USB_LP_CAN1_RX0_IRQHandler               0x08000163   Thumb Code     0  startup_stm32f103xe.o(.text)
    WWDG_IRQHandler                          0x08000163   Thumb Code     0  startup_stm32f103xe.o(.text)
    __aeabi_memcpy                           0x0800016d   Thumb Code    36  memcpya.o(.text)
    __aeabi_memcpy4                          0x0800016d   Thumb Code     0  memcpya.o(.text)
    __aeabi_memcpy8                          0x0800016d   Thumb Code     0  memcpya.o(.text)
    __aeabi_memset                           0x08000191   Thumb Code    14  memseta.o(.text)
    __aeabi_memset4                          0x08000191   Thumb Code     0  memseta.o(.text)
    __aeabi_memset8                          0x08000191   Thumb Code     0  memseta.o(.text)
    __aeabi_memclr                           0x0800019f   Thumb Code     4  memseta.o(.text)
    __aeabi_memclr4                          0x0800019f   Thumb Code     0  memseta.o(.text)
    __aeabi_memclr8                          0x0800019f   Thumb Code     0  memseta.o(.text)
    _memset$wrapper                          0x080001a3   Thumb Code    18  memseta.o(.text)
    strstr                                   0x080001b5   Thumb Code    36  strstr.o(.text)
    strncpy                                  0x080001d9   Thumb Code    24  strncpy.o(.text)
    strlen                                   0x080001f1   Thumb Code    14  strlen.o(.text)
    strcmp                                   0x080001ff   Thumb Code    28  strcmp.o(.text)
    strcpy                                   0x0800021b   Thumb Code    18  strcpy.o(.text)
    strncmp                                  0x0800022d   Thumb Code    30  strncmp.o(.text)
    __aeabi_uidiv                            0x0800024b   Thumb Code     0  uidiv.o(.text)
    __aeabi_uidivmod                         0x0800024b   Thumb Code    44  uidiv.o(.text)
    __scatterload                            0x08000279   Thumb Code    28  init.o(.text)
    __scatterload_rt2                        0x08000279   Thumb Code     0  init.o(.text)
    __decompress                             0x0800029d   Thumb Code     0  __dczerorl2.o(.text)
    __decompress1                            0x0800029d   Thumb Code    86  __dczerorl2.o(.text)
    ATCommandSend                            0x080002f5   Thumb Code   182  at_command.o(i.ATCommandSend)
    ATCommandSendAndRecv                     0x080003ed   Thumb Code   158  at_command.o(i.ATCommandSendAndRecv)
    ATDataRecv                               0x08000495   Thumb Code   182  at_command.o(i.ATDataRecv)
    ATInterfaceInit                          0x08000559   Thumb Code    18  at_command.o(i.ATInterfaceInit)
    AddDisplayDeviceOLED                     0x08000571   Thumb Code     6  oled_device.o(i.AddDisplayDeviceOLED)
    AddDisplayDevices                        0x0800057d   Thumb Code     4  display_system.o(i.AddDisplayDevices)
    AddFontLibASCII                          0x08000581   Thumb Code     6  ascii_font.o(i.AddFontLibASCII)
    AddFontLibs                              0x0800058d   Thumb Code     4  font_system.o(i.AddFontLibs)
    AddInputDeviceGPIOKey                    0x08000591   Thumb Code     6  gpio_key.o(i.AddInputDeviceGPIOKey)
    AddInputDeviceNet                        0x0800059d   Thumb Code     6  net_input.o(i.AddInputDeviceNet)
    AddInputDevices                          0x080005a9   Thumb Code    14  input_system.o(i.AddInputDevices)
    AddNetDeviceESP8266                      0x080005b9   Thumb Code     6  esp8266.o(i.AddNetDeviceESP8266)
    AddNetDevices                            0x080005c5   Thumb Code     4  net_system.o(i.AddNetDevices)
    BusFault_Handler                         0x080005c9   Thumb Code     2  stm32f1xx_it.o(i.BusFault_Handler)
    CAL_Delay                                0x080005cb   Thumb Code     4  cal_time.o(i.CAL_Delay)
    CAL_FanDeviceControl                     0x080005cf   Thumb Code     4  cal_fan_device.o(i.CAL_FanDeviceControl)
    CAL_GPIOKeyInit                          0x080005d3   Thumb Code     4  cal_gpio_key.o(i.CAL_GPIOKeyInit)
    CAL_GetTime                              0x080005d7   Thumb Code     4  cal_time.o(i.CAL_GetTime)
    CAL_LEDDeviceControl                     0x080005db   Thumb Code     4  cal_led_device.o(i.CAL_LEDDeviceControl)
    CAL_LEDDeviceInit                        0x080005df   Thumb Code     4  cal_led_device.o(i.CAL_LEDDeviceInit)
    CAL_OLEDDeviceFlush                      0x080005e3   Thumb Code     6  cal_oled_device.o(i.CAL_OLEDDeviceFlush)
    CAL_OLEDDeviceInit                       0x080005e9   Thumb Code    14  cal_oled_device.o(i.CAL_OLEDDeviceInit)
    CAL_UART3Write                           0x080005f7   Thumb Code    10  cal_uart_device.o(i.CAL_UART3Write)
    ConvertInputEventToJson                  0x08000601   Thumb Code    58  message.o(i.ConvertInputEventToJson)
    DebugMon_Handler                         0x0800067d   Thumb Code     2  stm32f1xx_it.o(i.DebugMon_Handler)
    DisplayDeviceRegister                    0x08000681   Thumb Code    10  display_device.o(i.DisplayDeviceRegister)
    DisplayNetInfoAndCreateTransfer          0x08000691   Thumb Code   152  smarthome.o(i.DisplayNetInfoAndCreateTransfer)
    EXTI15_10_IRQHandler                     0x080009bd   Thumb Code    22  driver_key.o(i.EXTI15_10_IRQHandler)
    EnableDebugIRQ                           0x080009d5   Thumb Code    32  driver_usart.o(i.EnableDebugIRQ)
    EnableUART3IRQ                           0x080009f9   Thumb Code    32  driver_usart.o(i.EnableUART3IRQ)
    Error_Handler                            0x08000a1d   Thumb Code     4  main.o(i.Error_Handler)
    FontLibRegister                          0x08000a29   Thumb Code    10  font_manager.o(i.FontLibRegister)
    GetATInterfaceDevice                     0x08000a99   Thumb Code     4  uart_device.o(i.GetATInterfaceDevice)
    GetCodeForStr                            0x08000aa1   Thumb Code     8  encoding.o(i.GetCodeForStr)
    GetDisplayDevice                         0x08000aa9   Thumb Code     4  display_system.o(i.GetDisplayDevice)
    GetFanDevice                             0x08000aad   Thumb Code     4  fan_device.o(i.GetFanDevice)
    GetFontBitMap                            0x08000ab5   Thumb Code     8  font_system.o(i.GetFontBitMap)
    GetFontLib                               0x08000ac1   Thumb Code     4  font_system.o(i.GetFontLib)
    GetInputEvent                            0x08000ac5   Thumb Code    72  input_buffer.o(i.GetInputEvent)
    GetLEDDevice                             0x08000b11   Thumb Code    20  led_device.o(i.GetLEDDevice)
    GetNetDevice                             0x08000b29   Thumb Code     4  net_system.o(i.GetNetDevice)
    GetUART3RingBuffer                       0x08000b2d   Thumb Code     4  uart_device.o(i.GetUART3RingBuffer)
    HAL_DMA_Abort                            0x08000b35   Thumb Code    70  stm32f1xx_hal_dma.o(i.HAL_DMA_Abort)
    HAL_DMA_Abort_IT                         0x08000b7d   Thumb Code   296  stm32f1xx_hal_dma.o(i.HAL_DMA_Abort_IT)
    HAL_Delay                                0x08000cad   Thumb Code    32  stm32f1xx_hal.o(i.HAL_Delay)
    HAL_FanDeviceControl                     0x08000cd1   Thumb Code    62  driver_fan.o(i.HAL_FanDeviceControl)
    HAL_GPIO_DeInit                          0x08000d19   Thumb Code   256  stm32f1xx_hal_gpio.o(i.HAL_GPIO_DeInit)
    HAL_GPIO_EXTI_Callback                   0x08000e39   Thumb Code    82  driver_key.o(i.HAL_GPIO_EXTI_Callback)
    HAL_GPIO_EXTI_IRQHandler                 0x08000e91   Thumb Code    18  stm32f1xx_hal_gpio.o(i.HAL_GPIO_EXTI_IRQHandler)
    HAL_GPIO_Init                            0x08000ea9   Thumb Code   462  stm32f1xx_hal_gpio.o(i.HAL_GPIO_Init)
    HAL_GPIO_ReadPin                         0x080010a1   Thumb Code    10  stm32f1xx_hal_gpio.o(i.HAL_GPIO_ReadPin)
    HAL_GPIO_WritePin                        0x080010ab   Thumb Code    10  stm32f1xx_hal_gpio.o(i.HAL_GPIO_WritePin)
    HAL_GetTick                              0x080010b5   Thumb Code     6  stm32f1xx_hal.o(i.HAL_GetTick)
    HAL_IncTick                              0x080010c1   Thumb Code    12  stm32f1xx_hal.o(i.HAL_IncTick)
    HAL_Init                                 0x080010d1   Thumb Code    32  stm32f1xx_hal.o(i.HAL_Init)
    HAL_InitTick                             0x080010f5   Thumb Code    54  stm32f1xx_hal.o(i.HAL_InitTick)
    HAL_LEDDeviceControl                     0x08001135   Thumb Code    72  driver_led.o(i.HAL_LEDDeviceControl)
    HAL_MspInit                              0x08001181   Thumb Code    52  stm32f1xx_hal_msp.o(i.HAL_MspInit)
    HAL_NVIC_EnableIRQ                       0x080011bd   Thumb Code    26  stm32f1xx_hal_cortex.o(i.HAL_NVIC_EnableIRQ)
    HAL_NVIC_SetPriority                     0x080011d9   Thumb Code    60  stm32f1xx_hal_cortex.o(i.HAL_NVIC_SetPriority)
    HAL_NVIC_SetPriorityGrouping             0x08001219   Thumb Code    26  stm32f1xx_hal_cortex.o(i.HAL_NVIC_SetPriorityGrouping)
    HAL_RCC_ClockConfig                      0x0800123d   Thumb Code   280  stm32f1xx_hal_rcc.o(i.HAL_RCC_ClockConfig)
    HAL_RCC_GetPCLK1Freq                     0x08001369   Thumb Code    20  stm32f1xx_hal_rcc.o(i.HAL_RCC_GetPCLK1Freq)
    HAL_RCC_GetPCLK2Freq                     0x08001389   Thumb Code    20  stm32f1xx_hal_rcc.o(i.HAL_RCC_GetPCLK2Freq)
    HAL_RCC_GetSysClockFreq                  0x080013a9   Thumb Code    74  stm32f1xx_hal_rcc.o(i.HAL_RCC_GetSysClockFreq)
    HAL_RCC_OscConfig                        0x08001415   Thumb Code   778  stm32f1xx_hal_rcc.o(i.HAL_RCC_OscConfig)
    HAL_SYSTICK_Config                       0x08001735   Thumb Code    40  stm32f1xx_hal_cortex.o(i.HAL_SYSTICK_Config)
    HAL_UARTEx_RxEventCallback               0x0800175d   Thumb Code     2  stm32f1xx_hal_uart.o(i.HAL_UARTEx_RxEventCallback)
    HAL_UART_ErrorCallback                   0x0800175f   Thumb Code     2  stm32f1xx_hal_uart.o(i.HAL_UART_ErrorCallback)
    HAL_UART_IRQHandler                      0x08001761   Thumb Code   520  stm32f1xx_hal_uart.o(i.HAL_UART_IRQHandler)
    HAL_UART_Init                            0x0800196d   Thumb Code    98  stm32f1xx_hal_uart.o(i.HAL_UART_Init)
    HAL_UART_MspInit                         0x080019d1   Thumb Code   206  usart.o(i.HAL_UART_MspInit)
    HAL_UART_RxCpltCallback                  0x08001ab9   Thumb Code    16  driver_usart.o(i.HAL_UART_RxCpltCallback)
    HAL_UART_Transmit_IT                     0x08001ad1   Thumb Code    62  stm32f1xx_hal_uart.o(i.HAL_UART_Transmit_IT)
    HAL_UART_TxCpltCallback                  0x08001b11   Thumb Code    16  driver_usart.o(i.HAL_UART_TxCpltCallback)
    HardFault_Handler                        0x08001b29   Thumb Code     2  stm32f1xx_it.o(i.HardFault_Handler)
    I2C_Delay                                0x08001b2b   Thumb Code    16  driver_i2c.o(i.I2C_Delay)
    I2C_GPIO_ReInit                          0x08001b3d   Thumb Code    88  driver_i2c.o(i.I2C_GPIO_ReInit)
    I2C_GetAck                               0x08001b9d   Thumb Code   108  driver_i2c.o(i.I2C_GetAck)
    I2C_Start                                0x08001c0d   Thumb Code    52  driver_i2c.o(i.I2C_Start)
    I2C_Stop                                 0x08001c45   Thumb Code    54  driver_i2c.o(i.I2C_Stop)
    I2C_WriteByte                            0x08001c81   Thumb Code    88  driver_i2c.o(i.I2C_WriteByte)
    InitDefaultFontLib                       0x08001cdd   Thumb Code    14  font_system.o(i.InitDefaultFontLib)
    InitInputDevices                         0x08001cf1   Thumb Code    20  input_system.o(i.InitInputDevices)
    InputDeviceRegister                      0x08001d09   Thumb Code    10  input_system.o(i.InputDeviceRegister)
    KAL_Delay                                0x08001d19   Thumb Code     4  kal_time.o(i.KAL_Delay)
    KAL_FanDeviceControl                     0x08001d1d   Thumb Code     4  kal_fan_device.o(i.KAL_FanDeviceControl)
    KAL_GetTime                              0x08001d21   Thumb Code     4  kal_time.o(i.KAL_GetTime)
    KAL_KeyInit                              0x08001d25   Thumb Code     4  kal_gpio_key.o(i.KAL_KeyInit)
    KAL_LEDDeviceControl                     0x08001d29   Thumb Code     4  kal_led_device.o(i.KAL_LEDDeviceControl)
    KAL_LEDDeviceInit                        0x08001d2d   Thumb Code     4  kal_led_device.o(i.KAL_LEDDeviceInit)
    KAL_OLEDDeviceFlush                      0x08001d31   Thumb Code     4  kal_oled_device.o(i.KAL_OLEDDeviceFlush)
    KAL_OLEDDeviceInit                       0x08001d35   Thumb Code     4  kal_oled_device.o(i.KAL_OLEDDeviceInit)
    KAL_UART3Write                           0x08001d39   Thumb Code     4  kal_uart_device.o(i.KAL_UART3Write)
    KEY_GPIO_ReInit                          0x08001d3d   Thumb Code    98  driver_key.o(i.KEY_GPIO_ReInit)
    MX_GPIO_Init                             0x08001db5   Thumb Code   220  gpio.o(i.MX_GPIO_Init)
    MX_USART1_UART_Init                      0x08001ea1   Thumb Code    48  usart.o(i.MX_USART1_UART_Init)
    MX_USART3_UART_Init                      0x08001ed9   Thumb Code    48  usart.o(i.MX_USART3_UART_Init)
    MemManage_Handler                        0x08001f11   Thumb Code     2  stm32f1xx_it.o(i.MemManage_Handler)
    NMI_Handler                              0x08001f13   Thumb Code     2  stm32f1xx_it.o(i.NMI_Handler)
    NetDeviceRegister                        0x08001f15   Thumb Code    10  net_device.o(i.NetDeviceRegister)
    OLED_Copy                                0x08001f6b   Thumb Code    34  driver_oled.o(i.OLED_Copy)
    OLED_Init                                0x08001f8d   Thumb Code    96  driver_oled.o(i.OLED_Init)
    OLED_SetChargePump                       0x08001fed   Thumb Code    34  driver_oled.o(i.OLED_SetChargePump)
    OLED_SetColAddr_PAGE                     0x08002011   Thumb Code    40  driver_oled.o(i.OLED_SetColAddr_PAGE)
    OLED_SetComConfig                        0x0800203d   Thumb Code    44  driver_oled.o(i.OLED_SetComConfig)
    OLED_SetContrastValue                    0x08002069   Thumb Code    20  driver_oled.o(i.OLED_SetContrastValue)
    OLED_SetDCLK_Freq                        0x0800207d   Thumb Code    36  driver_oled.o(i.OLED_SetDCLK_Freq)
    OLED_SetDispOffset                       0x080020a1   Thumb Code    26  driver_oled.o(i.OLED_SetDispOffset)
    OLED_SetDispStartLine                    0x080020bb   Thumb Code    14  driver_oled.o(i.OLED_SetDispStartLine)
    OLED_SetMemAddrMode                      0x080020c9   Thumb Code    32  driver_oled.o(i.OLED_SetMemAddrMode)
    OLED_SetMuxRatio                         0x080020ed   Thumb Code    28  driver_oled.o(i.OLED_SetMuxRatio)
    OLED_SetPageAddr_PAGE                    0x08002109   Thumb Code    22  driver_oled.o(i.OLED_SetPageAddr_PAGE)
    OLED_SetPosition                         0x08002125   Thumb Code    18  driver_oled.o(i.OLED_SetPosition)
    OLED_WriteCmd                            0x08002137   Thumb Code    34  driver_oled.o(i.OLED_WriteCmd)
    OLED_WriteNBytes                         0x08002159   Thumb Code    54  driver_oled.o(i.OLED_WriteNBytes)
    PendSV_Handler                           0x0800218f   Thumb Code     2  stm32f1xx_it.o(i.PendSV_Handler)
    PutInputEvent                            0x08002191   Thumb Code    72  input_buffer.o(i.PutInputEvent)
    SVC_Handler                              0x080021dd   Thumb Code     2  stm32f1xx_it.o(i.SVC_Handler)
    SetDefaultFontLib                        0x080021e1   Thumb Code    22  font_system.o(i.SetDefaultFontLib)
    SetNetInputProcessCallback               0x080021fd   Thumb Code     6  driver_usart.o(i.SetNetInputProcessCallback)
    ShowTextInDisplayDevice                  0x08002209   Thumb Code   158  show_text.o(i.ShowTextInDisplayDevice)
    SmartHomeTask                            0x080023a5   Thumb Code   108  smarthome.o(i.SmartHomeTask)
    SysTick_Handler                          0x08002459   Thumb Code     4  stm32f1xx_it.o(i.SysTick_Handler)
    SystemClock_Config                       0x0800245d   Thumb Code    94  main.o(i.SystemClock_Config)
    SystemInit                               0x080024bb   Thumb Code     2  system_stm32f1xx.o(i.SystemInit)
    USART1_IRQHandler                        0x0800276d   Thumb Code    34  driver_usart.o(i.USART1_IRQHandler)
    USART3_IRQHandler                        0x0800279d   Thumb Code    56  driver_usart.o(i.USART3_IRQHandler)
    USART3_SendBytes                         0x080027e1   Thumb Code    28  driver_usart.o(i.USART3_SendBytes)
    UsageFault_Handler                       0x08002801   Thumb Code     2  stm32f1xx_it.o(i.UsageFault_Handler)
    WifiConnect                              0x08002805   Thumb Code    50  smarthome.o(i.WifiConnect)
    __0printf$3                              0x0800287d   Thumb Code    22  printf3.o(i.__0printf$3)
    __1printf$3                              0x0800287d   Thumb Code     0  printf3.o(i.__0printf$3)
    __2printf                                0x0800287d   Thumb Code     0  printf3.o(i.__0printf$3)
    __0sprintf$3                             0x0800289d   Thumb Code    34  printf3.o(i.__0sprintf$3)
    __1sprintf$3                             0x0800289d   Thumb Code     0  printf3.o(i.__0sprintf$3)
    __2sprintf                               0x0800289d   Thumb Code     0  printf3.o(i.__0sprintf$3)
    __GetDisplayDevice                       0x080028c5   Thumb Code    34  display_device.o(i.__GetDisplayDevice)
    __GetFontLib                             0x080028ed   Thumb Code    34  font_manager.o(i.__GetFontLib)
    __GetNetDevice                           0x08002915   Thumb Code    34  net_device.o(i.__GetNetDevice)
    __scatterload_copy                       0x0800295d   Thumb Code    14  handlers.o(i.__scatterload_copy)
    __scatterload_null                       0x0800296b   Thumb Code     2  handlers.o(i.__scatterload_null)
    __scatterload_zeroinit                   0x0800296d   Thumb Code    14  handlers.o(i.__scatterload_zeroinit)
    fputc                                    0x08002b41   Thumb Code    28  driver_usart.o(i.fputc)
    main                                     0x08002b9d   Thumb Code    46  main.o(i.main)
    ring_buffer_init                         0x08002be1   Thumb Code    12  ring_buffer.o(i.ring_buffer_init)
    ring_buffer_read                         0x08002bed   Thumb Code    44  ring_buffer.o(i.ring_buffer_read)
    ring_buffer_write                        0x08002c19   Thumb Code    30  ring_buffer.o(i.ring_buffer_write)
    AHBPrescTable                            0x08002c36   Data          16  system_stm32f1xx.o(.constdata)
    APBPrescTable                            0x08002c46   Data           8  system_stm32f1xx.o(.constdata)
    ascii_font                               0x08002c4e   Data        2048  ascii_font.o(.constdata)
    Region$$Table$$Base                      0x08003488   Number         0  anon$$obj.o(Region$$Table)
    Region$$Table$$Limit                     0x080034a8   Number         0  anon$$obj.o(Region$$Table)
    uwTickFreq                               0x20000000   Data           1  stm32f1xx_hal.o(.data)
    uwTickPrio                               0x20000004   Data           4  stm32f1xx_hal.o(.data)
    uwTick                                   0x20000008   Data           4  stm32f1xx_hal.o(.data)
    SystemCoreClock                          0x2000000c   Data           4  system_stm32f1xx.o(.data)
    __stdout                                 0x20000154   Data           4  stdout.o(.data)
    test_buffer                              0x20000158   Data        1032  main.o(.bss)
    huart1                                   0x20000560   Data          68  usart.o(.bss)
    huart3                                   0x200005a4   Data          68  usart.o(.bss)
    __initial_sp                             0x20001528   Data           0  startup_stm32f103xe.o(STACK)



==============================================================================

Memory Map of the image

  Image Entry point : 0x08000131

  Load Region LR_IROM1 (Base: 0x08000000, Size: 0x00003600, Max: 0x00080000, ABSOLUTE, COMPRESSED[0x00003530])

    Execution Region ER_IROM1 (Exec base: 0x08000000, Load base: 0x08000000, Size: 0x000034a8, Max: 0x00080000, ABSOLUTE)

    Exec Addr    Load Addr    Size         Type   Attr      Idx    E Section Name        Object

    0x08000000   0x08000000   0x00000130   Data   RO            3    RESET               startup_stm32f103xe.o
    0x08000130   0x08000130   0x00000000   Code   RO         3340  * .ARM.Collect$$$$00000000  mc_w.l(entry.o)
    0x08000130   0x08000130   0x00000004   Code   RO         3624    .ARM.Collect$$$$00000001  mc_w.l(entry2.o)
    0x08000134   0x08000134   0x00000004   Code   RO         3627    .ARM.Collect$$$$00000004  mc_w.l(entry5.o)
    0x08000138   0x08000138   0x00000000   Code   RO         3629    .ARM.Collect$$$$00000008  mc_w.l(entry7b.o)
    0x08000138   0x08000138   0x00000000   Code   RO         3631    .ARM.Collect$$$$0000000A  mc_w.l(entry8b.o)
    0x08000138   0x08000138   0x00000008   Code   RO         3632    .ARM.Collect$$$$0000000B  mc_w.l(entry9a.o)
    0x08000140   0x08000140   0x00000004   Code   RO         3639    .ARM.Collect$$$$0000000E  mc_w.l(entry12b.o)
    0x08000144   0x08000144   0x00000000   Code   RO         3634    .ARM.Collect$$$$0000000F  mc_w.l(entry10a.o)
    0x08000144   0x08000144   0x00000000   Code   RO         3636    .ARM.Collect$$$$00000011  mc_w.l(entry11a.o)
    0x08000144   0x08000144   0x00000004   Code   RO         3625    .ARM.Collect$$$$00002712  mc_w.l(entry2.o)
    0x08000148   0x08000148   0x00000024   Code   RO            4    .text               startup_stm32f103xe.o
    0x0800016c   0x0800016c   0x00000024   Code   RO         3345    .text               mc_w.l(memcpya.o)
    0x08000190   0x08000190   0x00000024   Code   RO         3347    .text               mc_w.l(memseta.o)
    0x080001b4   0x080001b4   0x00000024   Code   RO         3349    .text               mc_w.l(strstr.o)
    0x080001d8   0x080001d8   0x00000018   Code   RO         3351    .text               mc_w.l(strncpy.o)
    0x080001f0   0x080001f0   0x0000000e   Code   RO         3353    .text               mc_w.l(strlen.o)
    0x080001fe   0x080001fe   0x0000001c   Code   RO         3355    .text               mc_w.l(strcmp.o)
    0x0800021a   0x0800021a   0x00000012   Code   RO         3357    .text               mc_w.l(strcpy.o)
    0x0800022c   0x0800022c   0x0000001e   Code   RO         3359    .text               mc_w.l(strncmp.o)
    0x0800024a   0x0800024a   0x0000002c   Code   RO         3641    .text               mc_w.l(uidiv.o)
    0x08000276   0x08000276   0x00000002   PAD
    0x08000278   0x08000278   0x00000024   Code   RO         3656    .text               mc_w.l(init.o)
    0x0800029c   0x0800029c   0x00000056   Code   RO         3672    .text               mc_w.l(__dczerorl2.o)
    0x080002f2   0x080002f2   0x00000002   PAD
    0x080002f4   0x080002f4   0x000000f8   Code   RO         3216    i.ATCommandSend     at_command.o
    0x080003ec   0x080003ec   0x000000a8   Code   RO         3217    i.ATCommandSendAndRecv  at_command.o
    0x08000494   0x08000494   0x000000c4   Code   RO         3218    i.ATDataRecv        at_command.o
    0x08000558   0x08000558   0x00000018   Code   RO         3219    i.ATInterfaceInit   at_command.o
    0x08000570   0x08000570   0x0000000c   Code   RO         2972    i.AddDisplayDeviceOLED  oled_device.o
    0x0800057c   0x0800057c   0x00000004   Code   RO         2951    i.AddDisplayDevices  display_system.o
    0x08000580   0x08000580   0x0000000c   Code   RO         3047    i.AddFontLibASCII   ascii_font.o
    0x0800058c   0x0800058c   0x00000004   Code   RO         3006    i.AddFontLibs       font_system.o
    0x08000590   0x08000590   0x0000000c   Code   RO         2560    i.AddInputDeviceGPIOKey  gpio_key.o
    0x0800059c   0x0800059c   0x0000000c   Code   RO         2653    i.AddInputDeviceNet  net_input.o
    0x080005a8   0x080005a8   0x0000000e   Code   RO         2612    i.AddInputDevices   input_system.o
    0x080005b6   0x080005b6   0x00000002   PAD
    0x080005b8   0x080005b8   0x0000000c   Code   RO         3119    i.AddNetDeviceESP8266  esp8266.o
    0x080005c4   0x080005c4   0x00000004   Code   RO         3192    i.AddNetDevices     net_system.o
    0x080005c8   0x080005c8   0x00000002   Code   RO          257    i.BusFault_Handler  stm32f1xx_it.o
    0x080005ca   0x080005ca   0x00000004   Code   RO         2458    i.CAL_Delay         cal_time.o
    0x080005ce   0x080005ce   0x00000004   Code   RO         2533    i.CAL_FanDeviceControl  cal_fan_device.o
    0x080005d2   0x080005d2   0x00000004   Code   RO         2434    i.CAL_GPIOKeyInit   cal_gpio_key.o
    0x080005d6   0x080005d6   0x00000004   Code   RO         2459    i.CAL_GetTime       cal_time.o
    0x080005da   0x080005da   0x00000004   Code   RO         2485    i.CAL_LEDDeviceControl  cal_led_device.o
    0x080005de   0x080005de   0x00000004   Code   RO         2486    i.CAL_LEDDeviceInit  cal_led_device.o
    0x080005e2   0x080005e2   0x00000006   Code   RO         2506    i.CAL_OLEDDeviceFlush  cal_oled_device.o
    0x080005e8   0x080005e8   0x0000000e   Code   RO         2507    i.CAL_OLEDDeviceInit  cal_oled_device.o
    0x080005f6   0x080005f6   0x0000000a   Code   RO         2545    i.CAL_UART3Write    cal_uart_device.o
    0x08000600   0x08000600   0x0000007c   Code   RO         3270    i.ConvertInputEventToJson  message.o
    0x0800067c   0x0800067c   0x00000002   Code   RO          258    i.DebugMon_Handler  stm32f1xx_it.o
    0x0800067e   0x0800067e   0x00000002   PAD
    0x08000680   0x08000680   0x00000010   Code   RO         2931    i.DisplayDeviceRegister  display_device.o
    0x08000690   0x08000690   0x00000124   Code   RO         3294    i.DisplayNetInfoAndCreateTransfer  smarthome.o
    0x080007b4   0x080007b4   0x00000014   Code   RO         3120    i.ESP8266CloseTransfer  esp8266.o
    0x080007c8   0x080007c8   0x00000034   Code   RO         3121    i.ESP8266Connect    esp8266.o
    0x080007fc   0x080007fc   0x00000044   Code   RO         3122    i.ESP8266CreateTransfer  esp8266.o
    0x08000840   0x08000840   0x000000bc   Code   RO         2654    i.ESP8266DataProcessCallback  net_input.o
    0x080008fc   0x080008fc   0x00000068   Code   RO         3123    i.ESP8266GetInfo    esp8266.o
    0x08000964   0x08000964   0x00000034   Code   RO         3124    i.ESP8266Init       esp8266.o
    0x08000998   0x08000998   0x00000010   Code   RO         2655    i.ESP8266NetInputInit  net_input.o
    0x080009a8   0x080009a8   0x00000010   Code   RO         3125    i.ESP8266Recv       esp8266.o
    0x080009b8   0x080009b8   0x00000004   Code   RO         3126    i.ESP8266Send       esp8266.o
    0x080009bc   0x080009bc   0x00000016   Code   RO         1921    i.EXTI15_10_IRQHandler  driver_key.o
    0x080009d2   0x080009d2   0x00000002   PAD
    0x080009d4   0x080009d4   0x00000024   Code   RO         1800    i.EnableDebugIRQ    driver_usart.o
    0x080009f8   0x080009f8   0x00000024   Code   RO         1801    i.EnableUART3IRQ    driver_usart.o
    0x08000a1c   0x08000a1c   0x00000004   Code   RO           13    i.Error_Handler     main.o
    0x08000a20   0x08000a20   0x00000004   Code   RO         2847    i.FanDeviceControl  fan_device.o
    0x08000a24   0x08000a24   0x00000004   Code   RO         2848    i.FanDeviceInit     fan_device.o
    0x08000a28   0x08000a28   0x00000010   Code   RO         3074    i.FontLibRegister   font_manager.o
    0x08000a38   0x08000a38   0x0000000a   Code   RO         2561    i.GPIOKeyInit       gpio_key.o
    0x08000a42   0x08000a42   0x00000002   PAD
    0x08000a44   0x08000a44   0x00000044   Code   RO         3048    i.GetASCIIFontBitMap  ascii_font.o
    0x08000a88   0x08000a88   0x00000010   Code   RO         3049    i.GetASCIIFontSize  ascii_font.o
    0x08000a98   0x08000a98   0x00000008   Code   RO         2874    i.GetATInterfaceDevice  uart_device.o
    0x08000aa0   0x08000aa0   0x00000008   Code   RO         3094    i.GetCodeForStr     encoding.o
    0x08000aa8   0x08000aa8   0x00000004   Code   RO         2952    i.GetDisplayDevice  display_system.o
    0x08000aac   0x08000aac   0x00000008   Code   RO         2849    i.GetFanDevice      fan_device.o
    0x08000ab4   0x08000ab4   0x0000000c   Code   RO         3007    i.GetFontBitMap     font_system.o
    0x08000ac0   0x08000ac0   0x00000004   Code   RO         3008    i.GetFontLib        font_system.o
    0x08000ac4   0x08000ac4   0x0000004c   Code   RO         2589    i.GetInputEvent     input_buffer.o
    0x08000b10   0x08000b10   0x00000018   Code   RO         2823    i.GetLEDDevice      led_device.o
    0x08000b28   0x08000b28   0x00000004   Code   RO         3193    i.GetNetDevice      net_system.o
    0x08000b2c   0x08000b2c   0x00000008   Code   RO         2875    i.GetUART3RingBuffer  uart_device.o
    0x08000b34   0x08000b34   0x00000046   Code   RO         1165    i.HAL_DMA_Abort     stm32f1xx_hal_dma.o
    0x08000b7a   0x08000b7a   0x00000002   PAD
    0x08000b7c   0x08000b7c   0x00000130   Code   RO         1166    i.HAL_DMA_Abort_IT  stm32f1xx_hal_dma.o
    0x08000cac   0x08000cac   0x00000024   Code   RO          793    i.HAL_Delay         stm32f1xx_hal.o
    0x08000cd0   0x08000cd0   0x00000048   Code   RO         2266    i.HAL_FanDeviceControl  driver_fan.o
    0x08000d18   0x08000d18   0x00000120   Code   RO         1098    i.HAL_GPIO_DeInit   stm32f1xx_hal_gpio.o
    0x08000e38   0x08000e38   0x00000058   Code   RO         1922    i.HAL_GPIO_EXTI_Callback  driver_key.o
    0x08000e90   0x08000e90   0x00000018   Code   RO         1100    i.HAL_GPIO_EXTI_IRQHandler  stm32f1xx_hal_gpio.o
    0x08000ea8   0x08000ea8   0x000001f8   Code   RO         1101    i.HAL_GPIO_Init     stm32f1xx_hal_gpio.o
    0x080010a0   0x080010a0   0x0000000a   Code   RO         1103    i.HAL_GPIO_ReadPin  stm32f1xx_hal_gpio.o
    0x080010aa   0x080010aa   0x0000000a   Code   RO         1105    i.HAL_GPIO_WritePin  stm32f1xx_hal_gpio.o
    0x080010b4   0x080010b4   0x0000000c   Code   RO          797    i.HAL_GetTick       stm32f1xx_hal.o
    0x080010c0   0x080010c0   0x00000010   Code   RO          803    i.HAL_IncTick       stm32f1xx_hal.o
    0x080010d0   0x080010d0   0x00000024   Code   RO          804    i.HAL_Init          stm32f1xx_hal.o
    0x080010f4   0x080010f4   0x00000040   Code   RO          805    i.HAL_InitTick      stm32f1xx_hal.o
    0x08001134   0x08001134   0x0000004c   Code   RO         1993    i.HAL_LEDDeviceControl  driver_led.o
    0x08001180   0x08001180   0x0000003c   Code   RO          333    i.HAL_MspInit       stm32f1xx_hal_msp.o
    0x080011bc   0x080011bc   0x0000001a   Code   RO         1261    i.HAL_NVIC_EnableIRQ  stm32f1xx_hal_cortex.o
    0x080011d6   0x080011d6   0x00000002   PAD
    0x080011d8   0x080011d8   0x00000040   Code   RO         1267    i.HAL_NVIC_SetPriority  stm32f1xx_hal_cortex.o
    0x08001218   0x08001218   0x00000024   Code   RO         1268    i.HAL_NVIC_SetPriorityGrouping  stm32f1xx_hal_cortex.o
    0x0800123c   0x0800123c   0x0000012c   Code   RO          961    i.HAL_RCC_ClockConfig  stm32f1xx_hal_rcc.o
    0x08001368   0x08001368   0x00000020   Code   RO          968    i.HAL_RCC_GetPCLK1Freq  stm32f1xx_hal_rcc.o
    0x08001388   0x08001388   0x00000020   Code   RO          969    i.HAL_RCC_GetPCLK2Freq  stm32f1xx_hal_rcc.o
    0x080013a8   0x080013a8   0x0000006c   Code   RO          970    i.HAL_RCC_GetSysClockFreq  stm32f1xx_hal_rcc.o
    0x08001414   0x08001414   0x00000320   Code   RO          973    i.HAL_RCC_OscConfig  stm32f1xx_hal_rcc.o
    0x08001734   0x08001734   0x00000028   Code   RO         1272    i.HAL_SYSTICK_Config  stm32f1xx_hal_cortex.o
    0x0800175c   0x0800175c   0x00000002   Code   RO          440    i.HAL_UARTEx_RxEventCallback  stm32f1xx_hal_uart.o
    0x0800175e   0x0800175e   0x00000002   Code   RO          454    i.HAL_UART_ErrorCallback  stm32f1xx_hal_uart.o
    0x08001760   0x08001760   0x0000020c   Code   RO          457    i.HAL_UART_IRQHandler  stm32f1xx_hal_uart.o
    0x0800196c   0x0800196c   0x00000062   Code   RO          458    i.HAL_UART_Init     stm32f1xx_hal_uart.o
    0x080019ce   0x080019ce   0x00000002   PAD
    0x080019d0   0x080019d0   0x000000e8   Code   RO          210    i.HAL_UART_MspInit  usart.o
    0x08001ab8   0x08001ab8   0x00000018   Code   RO         1802    i.HAL_UART_RxCpltCallback  driver_usart.o
    0x08001ad0   0x08001ad0   0x0000003e   Code   RO          468    i.HAL_UART_Transmit_IT  stm32f1xx_hal_uart.o
    0x08001b0e   0x08001b0e   0x00000002   PAD
    0x08001b10   0x08001b10   0x00000018   Code   RO         1803    i.HAL_UART_TxCpltCallback  driver_usart.o
    0x08001b28   0x08001b28   0x00000002   Code   RO          259    i.HardFault_Handler  stm32f1xx_it.o
    0x08001b2a   0x08001b2a   0x00000010   Code   RO         2024    i.I2C_Delay         driver_i2c.o
    0x08001b3a   0x08001b3a   0x00000002   PAD
    0x08001b3c   0x08001b3c   0x00000060   Code   RO         2025    i.I2C_GPIO_ReInit   driver_i2c.o
    0x08001b9c   0x08001b9c   0x00000070   Code   RO         2026    i.I2C_GetAck        driver_i2c.o
    0x08001c0c   0x08001c0c   0x00000038   Code   RO         2029    i.I2C_Start         driver_i2c.o
    0x08001c44   0x08001c44   0x0000003c   Code   RO         2030    i.I2C_Stop          driver_i2c.o
    0x08001c80   0x08001c80   0x0000005c   Code   RO         2031    i.I2C_WriteByte     driver_i2c.o
    0x08001cdc   0x08001cdc   0x00000014   Code   RO         3009    i.InitDefaultFontLib  font_system.o
    0x08001cf0   0x08001cf0   0x00000018   Code   RO         2613    i.InitInputDevices  input_system.o
    0x08001d08   0x08001d08   0x00000010   Code   RO         2614    i.InputDeviceRegister  input_system.o
    0x08001d18   0x08001d18   0x00000004   Code   RO         2320    i.KAL_Delay         kal_time.o
    0x08001d1c   0x08001d1c   0x00000004   Code   RO         2398    i.KAL_FanDeviceControl  kal_fan_device.o
    0x08001d20   0x08001d20   0x00000004   Code   RO         2321    i.KAL_GetTime       kal_time.o
    0x08001d24   0x08001d24   0x00000004   Code   RO         2296    i.KAL_KeyInit       kal_gpio_key.o
    0x08001d28   0x08001d28   0x00000004   Code   RO         2347    i.KAL_LEDDeviceControl  kal_led_device.o
    0x08001d2c   0x08001d2c   0x00000004   Code   RO         2348    i.KAL_LEDDeviceInit  kal_led_device.o
    0x08001d30   0x08001d30   0x00000004   Code   RO         2371    i.KAL_OLEDDeviceFlush  kal_oled_device.o
    0x08001d34   0x08001d34   0x00000004   Code   RO         2372    i.KAL_OLEDDeviceInit  kal_oled_device.o
    0x08001d38   0x08001d38   0x00000004   Code   RO         2416    i.KAL_UART3Write    kal_uart_device.o
    0x08001d3c   0x08001d3c   0x00000070   Code   RO         1925    i.KEY_GPIO_ReInit   driver_key.o
    0x08001dac   0x08001dac   0x00000004   Code   RO         2824    i.LEDDeviceControl  led_device.o
    0x08001db0   0x08001db0   0x00000004   Code   RO         2825    i.LEDDeviceInit     led_device.o
    0x08001db4   0x08001db4   0x000000ec   Code   RO          178    i.MX_GPIO_Init      gpio.o
    0x08001ea0   0x08001ea0   0x00000038   Code   RO          211    i.MX_USART1_UART_Init  usart.o
    0x08001ed8   0x08001ed8   0x00000038   Code   RO          212    i.MX_USART3_UART_Init  usart.o
    0x08001f10   0x08001f10   0x00000002   Code   RO          260    i.MemManage_Handler  stm32f1xx_it.o
    0x08001f12   0x08001f12   0x00000002   Code   RO          261    i.NMI_Handler       stm32f1xx_it.o
    0x08001f14   0x08001f14   0x00000010   Code   RO         3172    i.NetDeviceRegister  net_device.o
    0x08001f24   0x08001f24   0x00000004   Code   RO         2973    i.OLEDDeviceFlush   oled_device.o
    0x08001f28   0x08001f28   0x00000004   Code   RO         2974    i.OLEDDeviceInit    oled_device.o
    0x08001f2c   0x08001f2c   0x0000003e   Code   RO         2975    i.OLEDDeviceSetPixel  oled_device.o
    0x08001f6a   0x08001f6a   0x00000022   Code   RO         2099    i.OLED_Copy         driver_oled.o
    0x08001f8c   0x08001f8c   0x00000060   Code   RO         2102    i.OLED_Init         driver_oled.o
    0x08001fec   0x08001fec   0x00000022   Code   RO         2105    i.OLED_SetChargePump  driver_oled.o
    0x0800200e   0x0800200e   0x00000002   PAD
    0x08002010   0x08002010   0x0000002c   Code   RO         2107    i.OLED_SetColAddr_PAGE  driver_oled.o
    0x0800203c   0x0800203c   0x0000002c   Code   RO         2108    i.OLED_SetComConfig  driver_oled.o
    0x08002068   0x08002068   0x00000014   Code   RO         2109    i.OLED_SetContrastValue  driver_oled.o
    0x0800207c   0x0800207c   0x00000024   Code   RO         2110    i.OLED_SetDCLK_Freq  driver_oled.o
    0x080020a0   0x080020a0   0x0000001a   Code   RO         2111    i.OLED_SetDispOffset  driver_oled.o
    0x080020ba   0x080020ba   0x0000000e   Code   RO         2112    i.OLED_SetDispStartLine  driver_oled.o
    0x080020c8   0x080020c8   0x00000024   Code   RO         2113    i.OLED_SetMemAddrMode  driver_oled.o
    0x080020ec   0x080020ec   0x0000001c   Code   RO         2114    i.OLED_SetMuxRatio  driver_oled.o
    0x08002108   0x08002108   0x0000001c   Code   RO         2116    i.OLED_SetPageAddr_PAGE  driver_oled.o
    0x08002124   0x08002124   0x00000012   Code   RO         2117    i.OLED_SetPosition  driver_oled.o
    0x08002136   0x08002136   0x00000022   Code   RO         2121    i.OLED_WriteCmd     driver_oled.o
    0x08002158   0x08002158   0x00000036   Code   RO         2123    i.OLED_WriteNBytes  driver_oled.o
    0x0800218e   0x0800218e   0x00000002   Code   RO          262    i.PendSV_Handler    stm32f1xx_it.o
    0x08002190   0x08002190   0x0000004c   Code   RO         2590    i.PutInputEvent     input_buffer.o
    0x080021dc   0x080021dc   0x00000002   Code   RO          263    i.SVC_Handler       stm32f1xx_it.o
    0x080021de   0x080021de   0x00000002   PAD
    0x080021e0   0x080021e0   0x0000001c   Code   RO         3010    i.SetDefaultFontLib  font_system.o
    0x080021fc   0x080021fc   0x0000000c   Code   RO         1804    i.SetNetInputProcessCallback  driver_usart.o
    0x08002208   0x08002208   0x0000009e   Code   RO         3104    i.ShowTextInDisplayDevice  show_text.o
    0x080022a6   0x080022a6   0x00000002   PAD
    0x080022a8   0x080022a8   0x000000fc   Code   RO         3295    i.SmartHomeControlDevices  smarthome.o
    0x080023a4   0x080023a4   0x000000b4   Code   RO         3296    i.SmartHomeTask     smarthome.o
    0x08002458   0x08002458   0x00000004   Code   RO          264    i.SysTick_Handler   stm32f1xx_it.o
    0x0800245c   0x0800245c   0x0000005e   Code   RO           14    i.SystemClock_Config  main.o
    0x080024ba   0x080024ba   0x00000002   Code   RO         1762    i.SystemInit        system_stm32f1xx.o
    0x080024bc   0x080024bc   0x000000c8   Code   RO         3297    i.SystemInit        smarthome.o
    0x08002584   0x08002584   0x00000010   Code   RO         2876    i.UART3Init         uart_device.o
    0x08002594   0x08002594   0x00000014   Code   RO         2877    i.UART3InvalidRecvBuf  uart_device.o
    0x080025a8   0x080025a8   0x0000000c   Code   RO         2878    i.UART3ReadByte     uart_device.o
    0x080025b4   0x080025b4   0x00000008   Code   RO         2879    i.UART3Write        uart_device.o
    0x080025bc   0x080025bc   0x00000010   Code   RO          471    i.UART_DMAAbortOnError  stm32f1xx_hal_uart.o
    0x080025cc   0x080025cc   0x00000030   Code   RO          481    i.UART_EndRxTransfer  stm32f1xx_hal_uart.o
    0x080025fc   0x080025fc   0x000000b6   Code   RO          483    i.UART_Receive_IT   stm32f1xx_hal_uart.o
    0x080026b2   0x080026b2   0x00000002   PAD
    0x080026b4   0x080026b4   0x000000b8   Code   RO          484    i.UART_SetConfig    stm32f1xx_hal_uart.o
    0x0800276c   0x0800276c   0x00000030   Code   RO         1805    i.USART1_IRQHandler  driver_usart.o
    0x0800279c   0x0800279c   0x00000044   Code   RO         1806    i.USART3_IRQHandler  driver_usart.o
    0x080027e0   0x080027e0   0x00000020   Code   RO         1807    i.USART3_SendBytes  driver_usart.o
    0x08002800   0x08002800   0x00000002   Code   RO          265    i.UsageFault_Handler  stm32f1xx_it.o
    0x08002802   0x08002802   0x00000002   PAD
    0x08002804   0x08002804   0x00000078   Code   RO         3298    i.WifiConnect       smarthome.o
    0x0800287c   0x0800287c   0x00000020   Code   RO         3452    i.__0printf$3       mc_w.l(printf3.o)
    0x0800289c   0x0800289c   0x00000028   Code   RO         3454    i.__0sprintf$3      mc_w.l(printf3.o)
    0x080028c4   0x080028c4   0x00000028   Code   RO         2932    i.__GetDisplayDevice  display_device.o
    0x080028ec   0x080028ec   0x00000028   Code   RO         3075    i.__GetFontLib      font_manager.o
    0x08002914   0x08002914   0x00000028   Code   RO         3173    i.__GetNetDevice    net_device.o
    0x0800293c   0x0800293c   0x00000020   Code   RO         1274    i.__NVIC_SetPriority  stm32f1xx_hal_cortex.o
    0x0800295c   0x0800295c   0x0000000e   Code   RO         3666    i.__scatterload_copy  mc_w.l(handlers.o)
    0x0800296a   0x0800296a   0x00000002   Code   RO         3667    i.__scatterload_null  mc_w.l(handlers.o)
    0x0800296c   0x0800296c   0x0000000e   Code   RO         3668    i.__scatterload_zeroinit  mc_w.l(handlers.o)
    0x0800297a   0x0800297a   0x00000002   PAD
    0x0800297c   0x0800297c   0x000001b8   Code   RO         3459    i._printf_core      mc_w.l(printf3.o)
    0x08002b34   0x08002b34   0x0000000a   Code   RO         3461    i._sputc            mc_w.l(printf3.o)
    0x08002b3e   0x08002b3e   0x00000002   PAD
    0x08002b40   0x08002b40   0x00000024   Code   RO         1809    i.fputc             driver_usart.o
    0x08002b64   0x08002b64   0x0000001c   Code   RO         3220    i.isReturnERROR     at_command.o
    0x08002b80   0x08002b80   0x0000001c   Code   RO         3221    i.isReturnOK        at_command.o
    0x08002b9c   0x08002b9c   0x00000044   Code   RO           15    i.main              main.o
    0x08002be0   0x08002be0   0x0000000c   Code   RO         1885    i.ring_buffer_init  ring_buffer.o
    0x08002bec   0x08002bec   0x0000002c   Code   RO         1886    i.ring_buffer_read  ring_buffer.o
    0x08002c18   0x08002c18   0x0000001e   Code   RO         1887    i.ring_buffer_write  ring_buffer.o
    0x08002c36   0x08002c36   0x00000010   Data   RO         1763    .constdata          system_stm32f1xx.o
    0x08002c46   0x08002c46   0x00000008   Data   RO         1764    .constdata          system_stm32f1xx.o
    0x08002c4e   0x08002c4e   0x00000800   Data   RO         3050    .constdata          ascii_font.o
    0x0800344e   0x0800344e   0x00000002   PAD
    0x08003450   0x08003450   0x00000009   Data   RO         2562    .conststring        gpio_key.o
    0x08003459   0x08003459   0x00000003   PAD
    0x0800345c   0x0800345c   0x00000009   Data   RO         2657    .conststring        net_input.o
    0x08003465   0x08003465   0x00000003   PAD
    0x08003468   0x08003468   0x00000006   Data   RO         2881    .conststring        uart_device.o
    0x0800346e   0x0800346e   0x00000002   PAD
    0x08003470   0x08003470   0x00000005   Data   RO         2977    .conststring        oled_device.o
    0x08003475   0x08003475   0x00000003   PAD
    0x08003478   0x08003478   0x00000006   Data   RO         3051    .conststring        ascii_font.o
    0x0800347e   0x0800347e   0x00000002   PAD
    0x08003480   0x08003480   0x00000008   Data   RO         3127    .conststring        esp8266.o
    0x08003488   0x08003488   0x00000020   Data   RO         3664    Region$$Table       anon$$obj.o


    Execution Region RW_IRAM1 (Exec base: 0x20000000, Load base: 0x080034a8, Size: 0x00001528, Max: 0x00010000, ABSOLUTE, COMPRESSED[0x00000088])

    Exec Addr    Load Addr    Size         Type   Attr      Idx    E Section Name        Object

    0x20000000   COMPRESSED   0x0000000c   Data   RW          811    .data               stm32f1xx_hal.o
    0x2000000c   COMPRESSED   0x00000004   Data   RW         1765    .data               system_stm32f1xx.o
    0x20000010   COMPRESSED   0x0000000c   Data   RW         1810    .data               driver_usart.o
    0x2000001c   COMPRESSED   0x00000001   Data   RW         2124    .data               driver_oled.o
    0x2000001d   COMPRESSED   0x00000003   PAD
    0x20000020   COMPRESSED   0x00000014   Data   RW         2563    .data               gpio_key.o
    0x20000034   COMPRESSED   0x00000004   Data   RW         2615    .data               input_system.o
    0x20000038   COMPRESSED   0x00000020   Data   RW         2658    .data               net_input.o
    0x20000058   COMPRESSED   0x00000048   Data   RW         2826    .data               led_device.o
    0x200000a0   COMPRESSED   0x0000000c   Data   RW         2850    .data               fan_device.o
    0x200000ac   COMPRESSED   0x00000014   Data   RW         2882    .data               uart_device.o
    0x200000c0   COMPRESSED   0x00000004   Data   RW         2933    .data               display_device.o
    0x200000c4   COMPRESSED   0x00000028   Data   RW         2978    .data               oled_device.o
    0x200000ec   COMPRESSED   0x00000004   Data   RW         3011    .data               font_system.o
    0x200000f0   COMPRESSED   0x00000018   Data   RW         3052    .data               ascii_font.o
    0x20000108   COMPRESSED   0x00000004   Data   RW         3076    .data               font_manager.o
    0x2000010c   COMPRESSED   0x00000040   Data   RW         3128    .data               esp8266.o
    0x2000014c   COMPRESSED   0x00000004   Data   RW         3174    .data               net_device.o
    0x20000150   COMPRESSED   0x00000004   Data   RW         3222    .data               at_command.o
    0x20000154   COMPRESSED   0x00000004   Data   RW         3640    .data               mc_w.l(stdout.o)
    0x20000158        -       0x00000408   Zero   RW           16    .bss                main.o
    0x20000560        -       0x00000088   Zero   RW          213    .bss                usart.o
    0x200005e8        -       0x00000300   Zero   RW         2591    .bss                input_buffer.o
    0x200008e8        -       0x00000032   Zero   RW         2656    .bss                net_input.o
    0x2000091a   COMPRESSED   0x00000002   PAD
    0x2000091c        -       0x00000408   Zero   RW         2880    .bss                uart_device.o
    0x20000d24        -       0x00000400   Zero   RW         2976    .bss                oled_device.o
    0x20001124   COMPRESSED   0x00000004   PAD
    0x20001128        -       0x00000400   Zero   RW            1    STACK               startup_stm32f103xe.o


==============================================================================

Image component sizes


      Code (inc. data)   RO Data    RW Data    ZI Data      Debug   Object Name

        96         12       2054         24          0       2611   ascii_font.o
       692        112          0          4          0       6106   at_command.o
         4          0          0          0          0        591   cal_fan_device.o
         4          0          0          0          0        474   cal_gpio_key.o
         8          0          0          0          0       1119   cal_led_device.o
        20          0          0          0          0       1083   cal_oled_device.o
         8          0          0          0          0        994   cal_time.o
        10          0          0          0          0        609   cal_uart_device.o
        56         12          0          4          0       1541   display_device.o
         8          0          0          0          0       1075   display_system.o
        72         10          0          0          0       1167   driver_fan.o
       432         26          0          0          0       3898   driver_i2c.o
       222         20          0          0          0       2354   driver_key.o
        76          4          0          0          0       1371   driver_led.o
       546         14          0          1          0      10925   driver_oled.o
       316         68          0         12          0       5906   driver_usart.o
         8          0          0          0          0        596   encoding.o
       328        138          8         64          0       4910   esp8266.o
        16          4          0         12          0       1763   fan_device.o
        56         12          0          4          0       1445   font_manager.o
        68         16          0          4          0       3400   font_system.o
       236         16          0          0          0       1083   gpio.o
        22          6          9         20          0       1236   gpio_key.o
       152          8          0          0        768       1588   input_buffer.o
        54         10          0          4          0       1895   input_system.o
         4          0          0          0          0        595   kal_fan_device.o
         4          0          0          0          0        466   kal_gpio_key.o
         8          0          0          0          0       1147   kal_led_device.o
         8          0          0          0          0       1715   kal_oled_device.o
         8          0          0          0          0        994   kal_time.o
         4          0          0          0          0        581   kal_uart_device.o
        32          4          0         72          0       2339   led_device.o
       166         22          0          0       1032     459142   main.o
       124         66          0          0          0        758   message.o
        56         12          0          4          0       1445   net_device.o
       216         28          9         32         50       2860   net_input.o
         8          0          0          0          0        999   net_system.o
         0          0          0          0          0        736   net_test.o
        82          6          5         40       1024       3139   oled_device.o
        86          0          0          0          0       2162   ring_buffer.o
       158          0          0          0          0       2202   show_text.o
      1044        378          0          0          0       4688   smarthome.o
        36          8        304          0       1024        832   startup_stm32f103xe.o
       164         28          0         12          0       6753   stm32f1xx_hal.o
       198         14          0          0          0      29115   stm32f1xx_hal_cortex.o
       374          8          0          0          0       1923   stm32f1xx_hal_dma.o
       836         80          0          0          0       5280   stm32f1xx_hal_gpio.o
        60          8          0          0          0        930   stm32f1xx_hal_msp.o
      1272        100          0          0          0       5372   stm32f1xx_hal_rcc.o
      1118         10          0          0          0       7619   stm32f1xx_hal_uart.o
        20          0          0          0          0       4142   stm32f1xx_it.o
         2          0         24          4          0       1203   system_stm32f1xx.o
         0          0          0          0          0        808   text_test.o
        72         22          6         20       1032       4516   uart_device.o
       344         42          0          0        136       2567   usart.o

    ----------------------------------------------------------------------
     10042       1324       2466        340       5072     616768   Object Totals
         0          0         32          0          0          0   (incl. Generated)
        28          0         15          3          6          0   (incl. Padding)

    ----------------------------------------------------------------------

      Code (inc. data)   RO Data    RW Data    ZI Data      Debug   Library Member Name

        86          0          0          0          0          0   __dczerorl2.o
         0          0          0          0          0          0   entry.o
         0          0          0          0          0          0   entry10a.o
         0          0          0          0          0          0   entry11a.o
         4          0          0          0          0          0   entry12b.o
         8          4          0          0          0          0   entry2.o
         4          0          0          0          0          0   entry5.o
         0          0          0          0          0          0   entry7b.o
         0          0          0          0          0          0   entry8b.o
         8          4          0          0          0          0   entry9a.o
        30          0          0          0          0          0   handlers.o
        36          8          0          0          0         68   init.o
        36          0          0          0          0         68   memcpya.o
        36          0          0          0          0        108   memseta.o
       522         20          0          0          0        336   printf3.o
         0          0          0          4          0          0   stdout.o
        28          0          0          0          0         76   strcmp.o
        18          0          0          0          0         68   strcpy.o
        14          0          0          0          0         68   strlen.o
        30          0          0          0          0         80   strncmp.o
        24          0          0          0          0         76   strncpy.o
        36          0          0          0          0         80   strstr.o
        44          0          0          0          0         80   uidiv.o

    ----------------------------------------------------------------------
       972         36          0          4          0       1108   Library Totals
         8          0          0          0          0          0   (incl. Padding)

    ----------------------------------------------------------------------

      Code (inc. data)   RO Data    RW Data    ZI Data      Debug   Library Name

       964         36          0          4          0       1108   mc_w.l

    ----------------------------------------------------------------------
       972         36          0          4          0       1108   Library Totals

    ----------------------------------------------------------------------

==============================================================================


      Code (inc. data)   RO Data    RW Data    ZI Data      Debug   

     11014       1360       2466        344       5072     608904   Grand Totals
     11014       1360       2466        136       5072     608904   ELF Image Totals (compressed)
     11014       1360       2466        136          0          0   ROM Totals

==============================================================================

    Total RO  Size (Code + RO Data)                13480 (  13.16kB)
    Total RW  Size (RW Data + ZI Data)              5416 (   5.29kB)
    Total ROM Size (Code + RO Data + RW Data)      13616 (  13.30kB)

==============================================================================

